% Generated FlatZinc statistics:
%%%mzn-stat: paths=0
%%%mzn-stat: flatBoolVars=576
%%%mzn-stat: flatIntVars=424
%%%mzn-stat: flatBoolConstraints=234
%%%mzn-stat: flatIntConstraints=917
%%%mzn-stat: evaluatedReifiedConstraints=474
%%%mzn-stat: evaluatedHalfReifiedConstraints=102
%%%mzn-stat: method="minimize"
%%%mzn-stat: flatTime=0.0938106
%%%mzn-stat-end
minizinc.exe : WARNING: the --time-out flag has recently been changed.The time-out is now provided in milliseconds instead of seconds
At C:\Users\lialq\OneDrive\Escritorio\Semestre-2026-I\PRACTICA-INV\modelo_simple\tools\run_benchmarks.ps1:144 char:23
+             $output = & $MiniZinc @minizincArgs 2>&1
+                       ~~~~~~~~~~~~~~~~~~~~~~~~~~~~~~
    + CategoryInfo          : NotSpecified: (WARNING: the --...tead of seconds:String) [], RemoteException
    + FullyQualifiedErrorId : NativeCommandError
 
%%%mzn-stat: nodes=39
%%%mzn-stat: failures=25
%%%mzn-stat: restarts=0
%%%mzn-stat: variables=40897
%%%mzn-stat: intVars=482
%%%mzn-stat: boolVariables=40413
%%%mzn-stat: propagators=642
%%%mzn-stat: propagations=10983
%%%mzn-stat: peakDepth=5
%%%mzn-stat: nogoods=25
%%%mzn-stat: backjumps=26
%%%mzn-stat: peakMem=0.00
%%%mzn-stat: time=0.044
%%%mzn-stat: initTime=0.041
%%%mzn-stat: solveTime=0.003
%%%mzn-stat: objective=-1
%%%mzn-stat: optTime=0.000
%%%mzn-stat: baseMem=0.00
%%%mzn-stat: trailMem=0.08
%%%mzn-stat: randomSeed=-46124132
%%%mzn-stat-end
=====UNSATISFIABLE=====
%%%mzn-stat: nSolutions=0
%%%mzn-stat-end
