% Generated FlatZinc statistics:
%%%mzn-stat: paths=0
%%%mzn-stat: flatBoolVars=2448
%%%mzn-stat: flatIntVars=1284
%%%mzn-stat: flatBoolConstraints=852
%%%mzn-stat: flatIntConstraints=3623
%%%mzn-stat: evaluatedReifiedConstraints=2160
%%%mzn-stat: evaluatedHalfReifiedConstraints=576
%%%mzn-stat: eliminatedImplications=288
%%%mzn-stat: method="minimize"
%%%mzn-stat: flatTime=0.177209
%%%mzn-stat-end
minizinc.exe : WARNING: the --time-out flag has recently been changed.The time-out is now provided in milliseconds instead of seconds
At C:\Users\lialq\OneDrive\Escritorio\Semestre-2026-I\PRACTICA-INV\modelo_simple\tools\run_benchmarks.ps1:144 char:23
+             $output = & $MiniZinc @minizincArgs 2>&1
+                       ~~~~~~~~~~~~~~~~~~~~~~~~~~~~~~
    + CategoryInfo          : NotSpecified: (WARNING: the --...tead of seconds:String) [], RemoteException
    + FullyQualifiedErrorId : NativeCommandError
 
% Warning: Unknown or not support variable selection annotation 'dom_w_deg'! Ignore variable selection annotation and replace it by 'input_order'.
%%%mzn-stat: nodes=2212
%%%mzn-stat: failures=322
%%%mzn-stat: restarts=18
%%%mzn-stat: variables=116261
%%%mzn-stat: intVars=1444
%%%mzn-stat: boolVariables=114815
%%%mzn-stat: propagators=1906
%%%mzn-stat: propagations=318677
%%%mzn-stat: peakDepth=61
%%%mzn-stat: nogoods=322
%%%mzn-stat: backjumps=929
%%%mzn-stat: peakMem=0.00
%%%mzn-stat: time=0.171
%%%mzn-stat: initTime=0.109
%%%mzn-stat: solveTime=0.062
%%%mzn-stat: objective=0
%%%mzn-stat: optTime=0.062
%%%mzn-stat: baseMem=0.00
%%%mzn-stat: trailMem=0.28
%%%mzn-stat: randomSeed=-386196716
%%%mzn-stat-end
=== EPSILON-CONSENSO NO DIRIGIDO CHUFFED SEARCH ===
A=12 C=12 Iend=12 epsilon=15
Polarizacion final: 0
Asignaciones por agente: [5, 4, 4, 5, 5, 5, 5, 5, 5, 5, 4, 5]
Opiniones finales: [30, 30, 30, 30, 30, 30, 30, 30, 30, 30, 30, 30]
max_diff por turno: [82, 68, 54, 42, 39, 0, 0, 0, 0, 0, 0, 0, 0]

Asignaciones completas:
Agente 1 | (1):0	(2):9	(3):18	(4):27	(5):36	(--):NA	(--):NA	(--):NA	(--):NA	(--):NA	(--):NA	(--):NA	
Agente 2 | (1):0	(2):9	(4):27	(5):36	(--):NA	(--):NA	(--):NA	(--):NA	(--):NA	(--):NA	(--):NA	(--):NA	
Agente 3 | (1):0	(2):9	(3):18	(7):55	(--):NA	(--):NA	(--):NA	(--):NA	(--):NA	(--):NA	(--):NA	(--):NA	
Agente 4 | (1):0	(3):18	(6):45	(4):27	(2):9	(--):NA	(--):NA	(--):NA	(--):NA	(--):NA	(--):NA	(--):NA	
Agente 5 | (1):0	(2):9	(3):18	(4):27	(12):100	(--):NA	(--):NA	(--):NA	(--):NA	(--):NA	(--):NA	(--):NA	
Agente 6 | (1):0	(2):9	(4):27	(3):18	(5):36	(--):NA	(--):NA	(--):NA	(--):NA	(--):NA	(--):NA	(--):NA	
Agente 7 | (1):0	(2):9	(5):36	(6):45	(4):27	(--):NA	(--):NA	(--):NA	(--):NA	(--):NA	(--):NA	(--):NA	
Agente 8 | (1):0	(2):9	(3):18	(6):45	(4):27	(--):NA	(--):NA	(--):NA	(--):NA	(--):NA	(--):NA	(--):NA	
Agente 9 | (1):0	(2):9	(3):18	(4):27	(7):55	(--):NA	(--):NA	(--):NA	(--):NA	(--):NA	(--):NA	(--):NA	
Agente 10 | (3):18	(5):36	(4):27	(2):9	(1):0	(--):NA	(--):NA	(--):NA	(--):NA	(--):NA	(--):NA	(--):NA	
Agente 11 | (1):0	(2):9	(3):18	(5):36	(--):NA	(--):NA	(--):NA	(--):NA	(--):NA	(--):NA	(--):NA	(--):NA	
Agente 12 | (1):0	(2):9	(6):45	(8):64	(3):18	(--):NA	(--):NA	(--):NA	(--):NA	(--):NA	(--):NA	(--):NA	
----------
==========
% [<UNKNOWN>]
%%%mzn-stat: nSolutions=1
%%%mzn-stat-end
