% Generated FlatZinc statistics:
%%%mzn-stat: paths=0
%%%mzn-stat: flatBoolVars=2304
%%%mzn-stat: flatIntVars=1296
%%%mzn-stat: flatBoolConstraints=708
%%%mzn-stat: flatIntConstraints=3323
%%%mzn-stat: evaluatedReifiedConstraints=2004
%%%mzn-stat: evaluatedHalfReifiedConstraints=300
%%%mzn-stat: method="minimize"
%%%mzn-stat: flatTime=0.144035
%%%mzn-stat-end
minizinc.exe : WARNING: the --time-out flag has recently been changed.The time-out is now provided in milliseconds instead of seconds
At C:\Users\lialq\OneDrive\Escritorio\Semestre-2026-I\PRACTICA-INV\modelo_simple\tools\run_benchmarks.ps1:144 char:23
+             $output = & $MiniZinc @minizincArgs 2>&1
+                       ~~~~~~~~~~~~~~~~~~~~~~~~~~~~~~
    + CategoryInfo          : NotSpecified: (WARNING: the --...tead of seconds:String) [], RemoteException
    + FullyQualifiedErrorId : NativeCommandError
 
%%%mzn-stat: nodes=2264
%%%mzn-stat: failures=191
%%%mzn-stat: restarts=17
%%%mzn-stat: variables=134861
%%%mzn-stat: intVars=1456
%%%mzn-stat: boolVariables=133403
%%%mzn-stat: propagators=1906
%%%mzn-stat: propagations=513651
%%%mzn-stat: peakDepth=58
%%%mzn-stat: nogoods=191
%%%mzn-stat: backjumps=1198
%%%mzn-stat: peakMem=0.00
%%%mzn-stat: time=0.172
%%%mzn-stat: initTime=0.104
%%%mzn-stat: solveTime=0.068
%%%mzn-stat: objective=0
%%%mzn-stat: optTime=0.068
%%%mzn-stat: baseMem=0.00
%%%mzn-stat: trailMem=0.28
%%%mzn-stat: randomSeed=-567482581
%%%mzn-stat-end
=== EPSILON-CONSENSO NO DIRIGIDO CHUFFED PROPAGATION ===
A=12 C=12 Iend=12 epsilon=15
Polarizacion final: 0
Asignaciones por agente: [5, 1, 5, 5, 5, 5, 5, 5, 5, 5, 5, 5]
Opiniones finales: [43, 43, 43, 43, 43, 43, 43, 43, 43, 43, 43, 43]
max_diff por turno: [82, 64, 44, 43, 42, 0, 0, 0, 0, 0, 0, 0, 0]

Asignaciones completas:
Agente 1 | (1):0	(2):9	(3):18	(4):27	(7):55	(--):NA	(--):NA	(--):NA	(--):NA	(--):NA	(--):NA	(--):NA	
Agente 2 | (1):0	(--):NA	(--):NA	(--):NA	(--):NA	(--):NA	(--):NA	(--):NA	(--):NA	(--):NA	(--):NA	(--):NA	
Agente 3 | (1):0	(2):9	(3):18	(5):36	(9):73	(--):NA	(--):NA	(--):NA	(--):NA	(--):NA	(--):NA	(--):NA	
Agente 4 | (1):0	(2):9	(3):18	(6):45	(7):55	(--):NA	(--):NA	(--):NA	(--):NA	(--):NA	(--):NA	(--):NA	
Agente 5 | (1):0	(2):9	(5):36	(11):91	(12):100	(--):NA	(--):NA	(--):NA	(--):NA	(--):NA	(--):NA	(--):NA	
Agente 6 | (1):0	(2):9	(3):18	(10):82	(5):36	(--):NA	(--):NA	(--):NA	(--):NA	(--):NA	(--):NA	(--):NA	
Agente 7 | (1):0	(2):9	(3):18	(8):64	(6):45	(--):NA	(--):NA	(--):NA	(--):NA	(--):NA	(--):NA	(--):NA	
Agente 8 | (1):0	(2):9	(3):18	(6):45	(7):55	(--):NA	(--):NA	(--):NA	(--):NA	(--):NA	(--):NA	(--):NA	
Agente 9 | (1):0	(9):73	(12):100	(8):64	(3):18	(--):NA	(--):NA	(--):NA	(--):NA	(--):NA	(--):NA	(--):NA	
Agente 10 | (1):0	(2):9	(3):18	(5):36	(7):55	(--):NA	(--):NA	(--):NA	(--):NA	(--):NA	(--):NA	(--):NA	
Agente 11 | (1):0	(2):9	(3):18	(10):82	(5):36	(--):NA	(--):NA	(--):NA	(--):NA	(--):NA	(--):NA	(--):NA	
Agente 12 | (1):0	(2):9	(3):18	(4):27	(7):55	(--):NA	(--):NA	(--):NA	(--):NA	(--):NA	(--):NA	(--):NA	
----------
==========
% [<UNKNOWN>]
%%%mzn-stat: nSolutions=1
%%%mzn-stat-end
