% Generated FlatZinc statistics:
%%%mzn-stat: paths=0
%%%mzn-stat: flatBoolVars=2448
%%%mzn-stat: flatIntVars=1284
%%%mzn-stat: flatBoolConstraints=852
%%%mzn-stat: flatIntConstraints=3623
%%%mzn-stat: evaluatedReifiedConstraints=2160
%%%mzn-stat: evaluatedHalfReifiedConstraints=576
%%%mzn-stat: eliminatedImplications=288
%%%mzn-stat: method="minimize"
%%%mzn-stat: flatTime=0.17092
%%%mzn-stat-end
minizinc.exe : WARNING: the --time-out flag has recently been changed.The time-out is now provided in milliseconds instead of seconds
At C:\Users\lialq\OneDrive\Escritorio\Semestre-2026-I\PRACTICA-INV\modelo_simple\tools\run_benchmarks.ps1:144 char:23
+             $output = & $MiniZinc @minizincArgs 2>&1
+                       ~~~~~~~~~~~~~~~~~~~~~~~~~~~~~~
    + CategoryInfo          : NotSpecified: (WARNING: the --...tead of seconds:String) [], RemoteException
    + FullyQualifiedErrorId : NativeCommandError
 
% Warning: Unknown or not support variable selection annotation 'dom_w_deg'! Ignore variable selection annotation and replace it by 'input_order'.
%%%mzn-stat: nodes=1770
%%%mzn-stat: failures=386
%%%mzn-stat: restarts=18
%%%mzn-stat: variables=118788
%%%mzn-stat: intVars=1444
%%%mzn-stat: boolVariables=117342
%%%mzn-stat: propagators=1906
%%%mzn-stat: propagations=301961
%%%mzn-stat: peakDepth=58
%%%mzn-stat: nogoods=386
%%%mzn-stat: backjumps=471
%%%mzn-stat: peakMem=0.00
%%%mzn-stat: time=0.165
%%%mzn-stat: initTime=0.116
%%%mzn-stat: solveTime=0.049
%%%mzn-stat: objective=0
%%%mzn-stat: optTime=0.049
%%%mzn-stat: baseMem=0.00
%%%mzn-stat: trailMem=0.28
%%%mzn-stat: randomSeed=1579362497
%%%mzn-stat-end
=== EPSILON-CONSENSO NO DIRIGIDO CHUFFED SEARCH ===
A=12 C=12 Iend=12 epsilon=15
Polarizacion final: 0
Asignaciones por agente: [4, 5, 2, 5, 2, 5, 5, 4, 3, 5, 5, 5]
Opiniones finales: [35, 35, 35, 35, 35, 35, 35, 35, 35, 35, 35, 35]
max_diff por turno: [78, 50, 45, 40, 38, 0, 0, 0, 0, 0, 0, 0, 0]

Asignaciones completas:
Agente 1 | (1):0	(2):15	(3):30	(4):42	(--):NA	(--):NA	(--):NA	(--):NA	(--):NA	(--):NA	(--):NA	(--):NA	
Agente 2 | (1):0	(2):15	(4):42	(6):50	(3):30	(--):NA	(--):NA	(--):NA	(--):NA	(--):NA	(--):NA	(--):NA	
Agente 3 | (1):0	(2):15	(--):NA	(--):NA	(--):NA	(--):NA	(--):NA	(--):NA	(--):NA	(--):NA	(--):NA	(--):NA	
Agente 4 | (1):0	(2):15	(3):30	(5):48	(8):58	(--):NA	(--):NA	(--):NA	(--):NA	(--):NA	(--):NA	(--):NA	
Agente 5 | (1):0	(2):15	(--):NA	(--):NA	(--):NA	(--):NA	(--):NA	(--):NA	(--):NA	(--):NA	(--):NA	(--):NA	
Agente 6 | (1):0	(2):15	(5):48	(7):52	(3):30	(--):NA	(--):NA	(--):NA	(--):NA	(--):NA	(--):NA	(--):NA	
Agente 7 | (1):0	(2):15	(3):30	(12):8	(7):52	(--):NA	(--):NA	(--):NA	(--):NA	(--):NA	(--):NA	(--):NA	
Agente 8 | (1):0	(2):15	(3):30	(5):48	(--):NA	(--):NA	(--):NA	(--):NA	(--):NA	(--):NA	(--):NA	(--):NA	
Agente 9 | (1):0	(2):15	(3):30	(--):NA	(--):NA	(--):NA	(--):NA	(--):NA	(--):NA	(--):NA	(--):NA	(--):NA	
Agente 10 | (1):0	(2):15	(3):30	(6):50	(8):58	(--):NA	(--):NA	(--):NA	(--):NA	(--):NA	(--):NA	(--):NA	
Agente 11 | (1):0	(2):15	(4):42	(8):58	(3):30	(--):NA	(--):NA	(--):NA	(--):NA	(--):NA	(--):NA	(--):NA	
Agente 12 | (1):0	(9):70	(8):58	(12):8	(4):42	(--):NA	(--):NA	(--):NA	(--):NA	(--):NA	(--):NA	(--):NA	
----------
==========
% [<UNKNOWN>]
%%%mzn-stat: nSolutions=1
%%%mzn-stat-end
