% Generated FlatZinc statistics:
%%%mzn-stat: paths=0
%%%mzn-stat: flatBoolVars=2304
%%%mzn-stat: flatIntVars=1296
%%%mzn-stat: flatBoolConstraints=708
%%%mzn-stat: flatIntConstraints=3323
%%%mzn-stat: evaluatedReifiedConstraints=2004
%%%mzn-stat: evaluatedHalfReifiedConstraints=300
%%%mzn-stat: method="minimize"
%%%mzn-stat: flatTime=0.135903
%%%mzn-stat-end
minizinc.exe : WARNING: the --time-out flag has recently been changed.The time-out is now provided in milliseconds instead of seconds
At C:\Users\lialq\OneDrive\Escritorio\Semestre-2026-I\PRACTICA-INV\modelo_simple\tools\run_benchmarks.ps1:144 char:23
+             $output = & $MiniZinc @minizincArgs 2>&1
+                       ~~~~~~~~~~~~~~~~~~~~~~~~~~~~~~
    + CategoryInfo          : NotSpecified: (WARNING: the --...tead of seconds:String) [], RemoteException
    + FullyQualifiedErrorId : NativeCommandError
 
%%%mzn-stat: nodes=3137
%%%mzn-stat: failures=477
%%%mzn-stat: restarts=17
%%%mzn-stat: variables=139906
%%%mzn-stat: intVars=1456
%%%mzn-stat: boolVariables=138448
%%%mzn-stat: propagators=1906
%%%mzn-stat: propagations=1073583
%%%mzn-stat: peakDepth=55
%%%mzn-stat: nogoods=477
%%%mzn-stat: backjumps=1947
%%%mzn-stat: peakMem=0.00
%%%mzn-stat: time=0.214
%%%mzn-stat: initTime=0.100
%%%mzn-stat: solveTime=0.114
%%%mzn-stat: objective=0
%%%mzn-stat: optTime=0.114
%%%mzn-stat: baseMem=0.00
%%%mzn-stat: trailMem=0.28
%%%mzn-stat: randomSeed=-1155612372
%%%mzn-stat-end
=== EPSILON-CONSENSO NO DIRIGIDO CHUFFED PROPAGATION ===
A=12 C=12 Iend=12 epsilon=15
Polarizacion final: 0
Asignaciones por agente: [5, 5, 5, 5, 5, 4, 5, 5, 5, 5, 4, 5]
Opiniones finales: [43, 43, 43, 43, 43, 43, 43, 43, 43, 43, 43, 43]
max_diff por turno: [78, 50, 29, 19, 18, 0, 0, 0, 0, 0, 0, 0, 0]

Asignaciones completas:
Agente 1 | (1):0	(2):15	(3):30	(4):42	(5):48	(--):NA	(--):NA	(--):NA	(--):NA	(--):NA	(--):NA	(--):NA	
Agente 2 | (1):0	(2):15	(3):30	(4):42	(7):52	(--):NA	(--):NA	(--):NA	(--):NA	(--):NA	(--):NA	(--):NA	
Agente 3 | (1):0	(2):15	(3):30	(5):48	(6):50	(--):NA	(--):NA	(--):NA	(--):NA	(--):NA	(--):NA	(--):NA	
Agente 4 | (1):0	(2):15	(3):30	(5):48	(10):85	(--):NA	(--):NA	(--):NA	(--):NA	(--):NA	(--):NA	(--):NA	
Agente 5 | (1):0	(2):15	(3):30	(6):50	(9):70	(--):NA	(--):NA	(--):NA	(--):NA	(--):NA	(--):NA	(--):NA	
Agente 6 | (1):0	(2):15	(3):30	(7):52	(--):NA	(--):NA	(--):NA	(--):NA	(--):NA	(--):NA	(--):NA	(--):NA	
Agente 7 | (1):0	(2):15	(3):30	(6):50	(5):48	(--):NA	(--):NA	(--):NA	(--):NA	(--):NA	(--):NA	(--):NA	
Agente 8 | (1):0	(2):15	(3):30	(6):50	(7):52	(--):NA	(--):NA	(--):NA	(--):NA	(--):NA	(--):NA	(--):NA	
Agente 9 | (1):0	(2):15	(3):30	(5):48	(7):52	(--):NA	(--):NA	(--):NA	(--):NA	(--):NA	(--):NA	(--):NA	
Agente 10 | (1):0	(2):15	(3):30	(8):58	(10):85	(--):NA	(--):NA	(--):NA	(--):NA	(--):NA	(--):NA	(--):NA	
Agente 11 | (1):0	(2):15	(3):30	(6):50	(--):NA	(--):NA	(--):NA	(--):NA	(--):NA	(--):NA	(--):NA	(--):NA	
Agente 12 | (1):0	(2):15	(3):30	(4):42	(5):48	(--):NA	(--):NA	(--):NA	(--):NA	(--):NA	(--):NA	(--):NA	
----------
==========
% [<UNKNOWN>]
%%%mzn-stat: nSolutions=1
%%%mzn-stat-end
