% Generated FlatZinc statistics:
%%%mzn-stat: paths=0
%%%mzn-stat: flatBoolVars=2448
%%%mzn-stat: flatIntVars=1284
%%%mzn-stat: flatBoolConstraints=852
%%%mzn-stat: flatIntConstraints=3623
%%%mzn-stat: evaluatedReifiedConstraints=2160
%%%mzn-stat: evaluatedHalfReifiedConstraints=576
%%%mzn-stat: eliminatedImplications=288
%%%mzn-stat: method="minimize"
%%%mzn-stat: flatTime=0.175034
%%%mzn-stat-end
minizinc.exe : WARNING: the --time-out flag has recently been changed.The time-out is now provided in milliseconds instead of seconds
At C:\Users\lialq\OneDrive\Escritorio\Semestre-2026-I\PRACTICA-INV\modelo_simple\tools\run_benchmarks.ps1:144 char:23
+             $output = & $MiniZinc @minizincArgs 2>&1
+                       ~~~~~~~~~~~~~~~~~~~~~~~~~~~~~~
    + CategoryInfo          : NotSpecified: (WARNING: the --...tead of seconds:String) [], RemoteException
    + FullyQualifiedErrorId : NativeCommandError
 
% Warning: Unknown or not support variable selection annotation 'dom_w_deg'! Ignore variable selection annotation and replace it by 'input_order'.
%%%mzn-stat: nodes=1575
%%%mzn-stat: failures=493
%%%mzn-stat: restarts=11
%%%mzn-stat: variables=84341
%%%mzn-stat: intVars=1444
%%%mzn-stat: boolVariables=82895
%%%mzn-stat: propagators=1906
%%%mzn-stat: propagations=300123
%%%mzn-stat: peakDepth=50
%%%mzn-stat: nogoods=493
%%%mzn-stat: backjumps=650
%%%mzn-stat: peakMem=0.00
%%%mzn-stat: time=0.145
%%%mzn-stat: initTime=0.098
%%%mzn-stat: solveTime=0.047
%%%mzn-stat: objective=11
%%%mzn-stat: optTime=0.041
%%%mzn-stat: baseMem=0.00
%%%mzn-stat: trailMem=0.28
%%%mzn-stat: randomSeed=-683837579
%%%mzn-stat-end
=== EPSILON-CONSENSO NO DIRIGIDO CHUFFED SEARCH ===
A=12 C=12 Iend=12 epsilon=18
Polarizacion final: 11
Asignaciones por agente: [5, 1, 2, 5, 5, 1, 5, 5, 1, 5, 5, 5]
Opiniones finales: [47, 51, 51, 47, 47, 56, 58, 47, 47, 58, 48, 47]
max_diff por turno: [70, 65, 57, 47, 28, 11, 11, 11, 11, 11, 11, 11, 11]

Asignaciones completas:
Agente 1 | (1):0	(2):5	(9):65	(11):90	(12):95	(--):NA	(--):NA	(--):NA	(--):NA	(--):NA	(--):NA	(--):NA	
Agente 2 | (1):0	(--):NA	(--):NA	(--):NA	(--):NA	(--):NA	(--):NA	(--):NA	(--):NA	(--):NA	(--):NA	(--):NA	
Agente 3 | (1):0	(2):5	(--):NA	(--):NA	(--):NA	(--):NA	(--):NA	(--):NA	(--):NA	(--):NA	(--):NA	(--):NA	
Agente 4 | (8):55	(9):65	(10):80	(11):90	(12):95	(--):NA	(--):NA	(--):NA	(--):NA	(--):NA	(--):NA	(--):NA	
Agente 5 | (1):0	(9):65	(10):80	(11):90	(12):95	(--):NA	(--):NA	(--):NA	(--):NA	(--):NA	(--):NA	(--):NA	
Agente 6 | (1):0	(--):NA	(--):NA	(--):NA	(--):NA	(--):NA	(--):NA	(--):NA	(--):NA	(--):NA	(--):NA	(--):NA	
Agente 7 | (1):0	(5):35	(4):20	(3):10	(2):5	(--):NA	(--):NA	(--):NA	(--):NA	(--):NA	(--):NA	(--):NA	
Agente 8 | (1):0	(2):5	(5):35	(11):90	(12):95	(--):NA	(--):NA	(--):NA	(--):NA	(--):NA	(--):NA	(--):NA	
Agente 9 | (1):0	(--):NA	(--):NA	(--):NA	(--):NA	(--):NA	(--):NA	(--):NA	(--):NA	(--):NA	(--):NA	(--):NA	
Agente 10 | (1):0	(4):20	(5):35	(2):5	(3):10	(--):NA	(--):NA	(--):NA	(--):NA	(--):NA	(--):NA	(--):NA	
Agente 11 | (1):0	(5):35	(10):80	(11):90	(12):95	(--):NA	(--):NA	(--):NA	(--):NA	(--):NA	(--):NA	(--):NA	
Agente 12 | (1):0	(2):5	(9):65	(11):90	(12):95	(--):NA	(--):NA	(--):NA	(--):NA	(--):NA	(--):NA	(--):NA	
----------
==========
% [X_INTRODUCED_343_ > 10]
%%%mzn-stat: nSolutions=1
%%%mzn-stat-end
