% Generated FlatZinc statistics:
%%%mzn-stat: paths=0
%%%mzn-stat: flatBoolVars=2304
%%%mzn-stat: flatIntVars=1296
%%%mzn-stat: flatBoolConstraints=708
%%%mzn-stat: flatIntConstraints=3323
%%%mzn-stat: evaluatedReifiedConstraints=2004
%%%mzn-stat: evaluatedHalfReifiedConstraints=300
%%%mzn-stat: method="minimize"
%%%mzn-stat: flatTime=0.147513
%%%mzn-stat-end
minizinc.exe : WARNING: the --time-out flag has recently been changed.The time-out is now provided in milliseconds instead of seconds
At C:\Users\lialq\OneDrive\Escritorio\Semestre-2026-I\PRACTICA-INV\modelo_simple\tools\run_benchmarks.ps1:144 char:23
+             $output = & $MiniZinc @minizincArgs 2>&1
+                       ~~~~~~~~~~~~~~~~~~~~~~~~~~~~~~
    + CategoryInfo          : NotSpecified: (WARNING: the --...tead of seconds:String) [], RemoteException
    + FullyQualifiedErrorId : NativeCommandError
 
%%%mzn-stat: nodes=6960
%%%mzn-stat: failures=849
%%%mzn-stat: restarts=14
%%%mzn-stat: variables=143994
%%%mzn-stat: intVars=1456
%%%mzn-stat: boolVariables=142536
%%%mzn-stat: propagators=1906
%%%mzn-stat: propagations=1571421
%%%mzn-stat: peakDepth=44
%%%mzn-stat: nogoods=849
%%%mzn-stat: backjumps=5717
%%%mzn-stat: peakMem=0.00
%%%mzn-stat: time=0.313
%%%mzn-stat: initTime=0.106
%%%mzn-stat: solveTime=0.207
%%%mzn-stat: objective=11
%%%mzn-stat: optTime=0.196
%%%mzn-stat: baseMem=0.00
%%%mzn-stat: trailMem=0.28
%%%mzn-stat: randomSeed=1691261
%%%mzn-stat-end
=== EPSILON-CONSENSO NO DIRIGIDO CHUFFED PROPAGATION ===
A=12 C=12 Iend=12 epsilon=18
Polarizacion final: 11
Asignaciones por agente: [5, 1, 2, 5, 5, 1, 5, 5, 1, 5, 5, 5]
Opiniones finales: [47, 51, 51, 47, 47, 56, 58, 47, 47, 58, 48, 47]
max_diff por turno: [70, 65, 57, 47, 28, 11, 11, 11, 11, 11, 11, 11, 11]

Asignaciones completas:
Agente 1 | (1):0	(2):5	(9):65	(11):90	(12):95	(--):NA	(--):NA	(--):NA	(--):NA	(--):NA	(--):NA	(--):NA	
Agente 2 | (1):0	(--):NA	(--):NA	(--):NA	(--):NA	(--):NA	(--):NA	(--):NA	(--):NA	(--):NA	(--):NA	(--):NA	
Agente 3 | (1):0	(2):5	(--):NA	(--):NA	(--):NA	(--):NA	(--):NA	(--):NA	(--):NA	(--):NA	(--):NA	(--):NA	
Agente 4 | (8):55	(9):65	(10):80	(11):90	(12):95	(--):NA	(--):NA	(--):NA	(--):NA	(--):NA	(--):NA	(--):NA	
Agente 5 | (1):0	(9):65	(10):80	(11):90	(12):95	(--):NA	(--):NA	(--):NA	(--):NA	(--):NA	(--):NA	(--):NA	
Agente 6 | (1):0	(--):NA	(--):NA	(--):NA	(--):NA	(--):NA	(--):NA	(--):NA	(--):NA	(--):NA	(--):NA	(--):NA	
Agente 7 | (1):0	(5):35	(4):20	(3):10	(2):5	(--):NA	(--):NA	(--):NA	(--):NA	(--):NA	(--):NA	(--):NA	
Agente 8 | (1):0	(2):5	(5):35	(11):90	(12):95	(--):NA	(--):NA	(--):NA	(--):NA	(--):NA	(--):NA	(--):NA	
Agente 9 | (1):0	(--):NA	(--):NA	(--):NA	(--):NA	(--):NA	(--):NA	(--):NA	(--):NA	(--):NA	(--):NA	(--):NA	
Agente 10 | (1):0	(4):20	(5):35	(2):5	(3):10	(--):NA	(--):NA	(--):NA	(--):NA	(--):NA	(--):NA	(--):NA	
Agente 11 | (1):0	(5):35	(10):80	(11):90	(12):95	(--):NA	(--):NA	(--):NA	(--):NA	(--):NA	(--):NA	(--):NA	
Agente 12 | (1):0	(2):5	(9):65	(11):90	(12):95	(--):NA	(--):NA	(--):NA	(--):NA	(--):NA	(--):NA	(--):NA	
----------
==========
% [X_INTRODUCED_355_ > 10]
%%%mzn-stat: nSolutions=1
%%%mzn-stat-end
