% Generated FlatZinc statistics:
%%%mzn-stat: paths=0
%%%mzn-stat: flatBoolVars=75000
%%%mzn-stat: flatIntVars=105303
%%%mzn-stat: flatBoolConstraints=59850
%%%mzn-stat: flatIntConstraints=165853
%%%mzn-stat: evaluatedReifiedConstraints=45000
%%%mzn-stat: evaluatedHalfReifiedConstraints=60000
%%%mzn-stat: eliminatedImplications=30000
%%%mzn-stat: method="minimize"
%%%mzn-stat: flatTime=8.1317
%%%mzn-stat-end
=== EPSILON-CONSENSO NO DIRIGIDO CHUFFED SEARCH ===
A=150 C=100 Iend=100 epsilon=10
Polarizacion final: 0
Asignaciones por agente: [1, 1, 1, 2, 2, 1, 1, 2, 1, 3, 1, 1, 1, 2, 2, 4, 1, 1, 1, 2, 2, 1, 1, 1, 1, 2, 2, 1, 1, 1, 1, 3, 1, 1, 1, 2, 2, 4, 1, 1, 1, 2, 2, 1, 1, 1, 1, 3, 2, 1, 1, 2, 1, 3, 1, 1, 1, 2, 2, 1, 1, 1, 1, 2, 2, 1, 1, 2, 1, 3, 1, 1, 1, 2, 2, 4, 1, 1, 1, 2, 2, 1, 1, 1, 1, 2, 2, 1, 1, 1, 1, 3, 1, 1, 1, 2, 2, 4, 1, 1, 1, 2, 2, 1, 1, 1, 1, 3, 2, 1, 1, 2, 1, 3, 1, 1, 1, 2, 2, 1, 1, 1, 1, 2, 2, 1, 1, 2, 1, 3, 1, 1, 1, 2, 2, 4, 1, 1, 1, 2, 2, 1, 1, 1, 1, 2, 2, 1, 1, 1]
Opiniones finales: [43, 43, 43, 43, 43, 43, 43, 43, 43, 43, 43, 43, 43, 43, 43, 43, 43, 43, 43, 43, 43, 43, 43, 43, 43, 43, 43, 43, 43, 43, 43, 43, 43, 43, 43, 43, 43, 43, 43, 43, 43, 43, 43, 43, 43, 43, 43, 43, 43, 43, 43, 43, 43, 43, 43, 43, 43, 43, 43, 43, 43, 43, 43, 43, 43, 43, 43, 43, 43, 43, 43, 43, 43, 43, 43, 43, 43, 43, 43, 43, 43, 43, 43, 43, 43, 43, 43, 43, 43, 43, 43, 43, 43, 43, 43, 43, 43, 43, 43, 43, 43, 43, 43, 43, 43, 43, 43, 43, 43, 43, 43, 43, 43, 43, 43, 43, 43, 43, 43, 43, 43, 43, 43, 43, 43, 43, 43, 43, 43, 43, 43, 43, 43, 43, 43, 43, 43, 43, 43, 43, 43, 43, 43, 43, 43, 43, 43, 43, 43, 43]
max_diff por turno: [84, 54, 24, 11, 0, 0, 0, 0, 0, 0, 0, 0, 0, 0, 0, 0, 0, 0, 0, 0, 0, 0, 0, 0, 0, 0, 0, 0, 0, 0, 0, 0, 0, 0, 0, 0, 0, 0, 0, 0, 0, 0, 0, 0, 0, 0, 0, 0, 0, 0, 0, 0, 0, 0, 0, 0, 0, 0, 0, 0, 0, 0, 0, 0, 0, 0, 0, 0, 0, 0, 0, 0, 0, 0, 0, 0, 0, 0, 0, 0, 0, 0, 0, 0, 0, 0, 0, 0, 0, 0, 0, 0, 0, 0, 0, 0, 0, 0, 0, 0, 0]

Nota: full_output=false; active full_output=true si necesita la matriz completa.
----------
==========
%%%mzn-stat: initTime=1.43732
%%%mzn-stat: solveTime=94.1115
%%%mzn-stat: solutions=11
%%%mzn-stat: variables=180603
%%%mzn-stat: propagators=225699
%%%mzn-stat: propagations=23502194
%%%mzn-stat: nodes=11686
%%%mzn-stat: failures=3244
%%%mzn-stat: restarts=18
%%%mzn-stat: peakDepth=599
%%%mzn-stat-end
%%%mzn-stat: nSolutions=1
%%%mzn-stat-end
