% Generated FlatZinc statistics:
%%%mzn-stat: paths=0
%%%mzn-stat: flatBoolVars=75000
%%%mzn-stat: flatIntVars=105303
%%%mzn-stat: flatBoolConstraints=59850
%%%mzn-stat: flatIntConstraints=165853
%%%mzn-stat: evaluatedReifiedConstraints=45000
%%%mzn-stat: evaluatedHalfReifiedConstraints=60000
%%%mzn-stat: eliminatedImplications=30000
%%%mzn-stat: method="minimize"
%%%mzn-stat: flatTime=8.38186
%%%mzn-stat-end
=== EPSILON-CONSENSO NO DIRIGIDO CHUFFED SEARCH ===
A=150 C=100 Iend=100 epsilon=10
Polarizacion final: 0
Asignaciones por agente: [2, 1, 2, 3, 2, 2, 2, 2, 2, 3, 1, 1, 1, 1, 1, 5, 1, 1, 2, 2, 1, 2, 1, 1, 2, 2, 2, 2, 1, 2, 3, 2, 1, 2, 2, 1, 3, 3, 2, 2, 2, 1, 4, 2, 2, 2, 2, 1, 6, 1, 1, 2, 1, 2, 1, 1, 2, 3, 2, 2, 1, 2, 1, 3, 3, 1, 2, 1, 1, 3, 2, 1, 2, 2, 1, 5, 1, 2, 2, 1, 2, 1, 1, 1, 2, 2, 2, 1, 1, 1, 2, 2, 2, 2, 1, 1, 3, 1, 2, 2, 2, 1, 4, 2, 2, 2, 1, 1, 6, 2, 1, 2, 1, 2, 2, 2, 1, 2, 2, 1, 2, 1, 1, 3, 2, 1, 2, 2, 1, 4, 2, 2, 2, 1, 2, 5, 2, 1, 2, 2, 2, 1, 2, 1, 2, 1, 1, 1, 1, 1]
Opiniones finales: [63, 63, 63, 63, 63, 63, 63, 63, 63, 63, 63, 63, 63, 63, 63, 63, 63, 63, 63, 63, 63, 63, 63, 63, 63, 63, 63, 63, 63, 63, 63, 63, 63, 63, 63, 63, 63, 63, 63, 63, 63, 63, 63, 63, 63, 63, 63, 63, 63, 63, 63, 63, 63, 63, 63, 63, 63, 63, 63, 63, 63, 63, 63, 63, 63, 63, 63, 63, 63, 63, 63, 63, 63, 63, 63, 63, 63, 63, 63, 63, 63, 63, 63, 63, 63, 63, 63, 63, 63, 63, 63, 63, 63, 63, 63, 63, 63, 63, 63, 63, 63, 63, 63, 63, 63, 63, 63, 63, 63, 63, 63, 63, 63, 63, 63, 63, 63, 63, 63, 63, 63, 63, 63, 63, 63, 63, 63, 63, 63, 63, 63, 63, 63, 63, 63, 63, 63, 63, 63, 63, 63, 63, 63, 63, 63, 63, 63, 63, 63, 63]
max_diff por turno: [80, 73, 30, 21, 13, 7, 0, 0, 0, 0, 0, 0, 0, 0, 0, 0, 0, 0, 0, 0, 0, 0, 0, 0, 0, 0, 0, 0, 0, 0, 0, 0, 0, 0, 0, 0, 0, 0, 0, 0, 0, 0, 0, 0, 0, 0, 0, 0, 0, 0, 0, 0, 0, 0, 0, 0, 0, 0, 0, 0, 0, 0, 0, 0, 0, 0, 0, 0, 0, 0, 0, 0, 0, 0, 0, 0, 0, 0, 0, 0, 0, 0, 0, 0, 0, 0, 0, 0, 0, 0, 0, 0, 0, 0, 0, 0, 0, 0, 0, 0, 0]

Nota: full_output=false; active full_output=true si necesita la matriz completa.
----------
==========
%%%mzn-stat: initTime=1.53333
%%%mzn-stat: solveTime=183.592
%%%mzn-stat: solutions=11
%%%mzn-stat: variables=180603
%%%mzn-stat: propagators=225699
%%%mzn-stat: propagations=28581311
%%%mzn-stat: nodes=16870
%%%mzn-stat: failures=4544
%%%mzn-stat: restarts=25
%%%mzn-stat: peakDepth=880
%%%mzn-stat-end
%%%mzn-stat: nSolutions=1
%%%mzn-stat-end
