% Generated FlatZinc statistics:
%%%mzn-stat: paths=0
%%%mzn-stat: flatBoolVars=4500
%%%mzn-stat: flatIntVars=6393
%%%mzn-stat: flatBoolConstraints=3570
%%%mzn-stat: flatIntConstraints=10113
%%%mzn-stat: evaluatedReifiedConstraints=2700
%%%mzn-stat: evaluatedHalfReifiedConstraints=3600
%%%mzn-stat: eliminatedImplications=1800
%%%mzn-stat: method="minimize"
%%%mzn-stat: flatTime=0.54635
%%%mzn-stat-end
=== EPSILON-CONSENSO NO DIRIGIDO CHUFFED SEARCH ===
A=30 C=30 Iend=30 epsilon=15
Polarizacion final: 0
Asignaciones por agente: [1, 3, 3, 3, 1, 3, 8, 1, 2, 9, 2, 1, 2, 6, 3, 2, 6, 2, 1, 5, 4, 2, 4, 4, 5, 1, 3, 11, 2, 2]
Opiniones finales: [43, 43, 43, 43, 43, 43, 43, 43, 43, 43, 43, 43, 43, 43, 43, 43, 43, 43, 43, 43, 43, 43, 43, 43, 43, 43, 43, 43, 43, 43]
max_diff por turno: [72, 56, 51, 40, 30, 22, 18, 14, 10, 6, 3, 0, 0, 0, 0, 0, 0, 0, 0, 0, 0, 0, 0, 0, 0, 0, 0, 0, 0, 0, 0]

Asignaciones completas:
Agente 1 | (26):100	(--):NA	(--):NA	(--):NA	(--):NA	(--):NA	(--):NA	(--):NA	(--):NA	(--):NA	(--):NA	(--):NA	(--):NA	(--):NA	(--):NA	(--):NA	(--):NA	(--):NA	(--):NA	(--):NA	(--):NA	(--):NA	(--):NA	(--):NA	(--):NA	(--):NA	(--):NA	(--):NA	(--):NA	(--):NA	
Agente 2 | (29):10	(1):0	(2):5	(--):NA	(--):NA	(--):NA	(--):NA	(--):NA	(--):NA	(--):NA	(--):NA	(--):NA	(--):NA	(--):NA	(--):NA	(--):NA	(--):NA	(--):NA	(--):NA	(--):NA	(--):NA	(--):NA	(--):NA	(--):NA	(--):NA	(--):NA	(--):NA	(--):NA	(--):NA	(--):NA	
Agente 3 | (29):10	(1):0	(2):5	(--):NA	(--):NA	(--):NA	(--):NA	(--):NA	(--):NA	(--):NA	(--):NA	(--):NA	(--):NA	(--):NA	(--):NA	(--):NA	(--):NA	(--):NA	(--):NA	(--):NA	(--):NA	(--):NA	(--):NA	(--):NA	(--):NA	(--):NA	(--):NA	(--):NA	(--):NA	(--):NA	
Agente 4 | (26):100	(10):80	(12):95	(--):NA	(--):NA	(--):NA	(--):NA	(--):NA	(--):NA	(--):NA	(--):NA	(--):NA	(--):NA	(--):NA	(--):NA	(--):NA	(--):NA	(--):NA	(--):NA	(--):NA	(--):NA	(--):NA	(--):NA	(--):NA	(--):NA	(--):NA	(--):NA	(--):NA	(--):NA	(--):NA	
Agente 5 | (18):35	(--):NA	(--):NA	(--):NA	(--):NA	(--):NA	(--):NA	(--):NA	(--):NA	(--):NA	(--):NA	(--):NA	(--):NA	(--):NA	(--):NA	(--):NA	(--):NA	(--):NA	(--):NA	(--):NA	(--):NA	(--):NA	(--):NA	(--):NA	(--):NA	(--):NA	(--):NA	(--):NA	(--):NA	(--):NA	
Agente 6 | (18):35	(1):0	(2):5	(--):NA	(--):NA	(--):NA	(--):NA	(--):NA	(--):NA	(--):NA	(--):NA	(--):NA	(--):NA	(--):NA	(--):NA	(--):NA	(--):NA	(--):NA	(--):NA	(--):NA	(--):NA	(--):NA	(--):NA	(--):NA	(--):NA	(--):NA	(--):NA	(--):NA	(--):NA	(--):NA	
Agente 7 | (27):0	(5):35	(2):5	(3):10	(4):20	(14):0	(15):5	(1):0	(--):NA	(--):NA	(--):NA	(--):NA	(--):NA	(--):NA	(--):NA	(--):NA	(--):NA	(--):NA	(--):NA	(--):NA	(--):NA	(--):NA	(--):NA	(--):NA	(--):NA	(--):NA	(--):NA	(--):NA	(--):NA	(--):NA	
Agente 8 | (24):90	(--):NA	(--):NA	(--):NA	(--):NA	(--):NA	(--):NA	(--):NA	(--):NA	(--):NA	(--):NA	(--):NA	(--):NA	(--):NA	(--):NA	(--):NA	(--):NA	(--):NA	(--):NA	(--):NA	(--):NA	(--):NA	(--):NA	(--):NA	(--):NA	(--):NA	(--):NA	(--):NA	(--):NA	(--):NA	
Agente 9 | (30):20	(1):0	(--):NA	(--):NA	(--):NA	(--):NA	(--):NA	(--):NA	(--):NA	(--):NA	(--):NA	(--):NA	(--):NA	(--):NA	(--):NA	(--):NA	(--):NA	(--):NA	(--):NA	(--):NA	(--):NA	(--):NA	(--):NA	(--):NA	(--):NA	(--):NA	(--):NA	(--):NA	(--):NA	(--):NA	
Agente 10 | (28):5	(4):20	(2):5	(3):10	(14):0	(15):5	(27):0	(16):10	(1):0	(--):NA	(--):NA	(--):NA	(--):NA	(--):NA	(--):NA	(--):NA	(--):NA	(--):NA	(--):NA	(--):NA	(--):NA	(--):NA	(--):NA	(--):NA	(--):NA	(--):NA	(--):NA	(--):NA	(--):NA	(--):NA	
Agente 11 | (26):100	(12):95	(--):NA	(--):NA	(--):NA	(--):NA	(--):NA	(--):NA	(--):NA	(--):NA	(--):NA	(--):NA	(--):NA	(--):NA	(--):NA	(--):NA	(--):NA	(--):NA	(--):NA	(--):NA	(--):NA	(--):NA	(--):NA	(--):NA	(--):NA	(--):NA	(--):NA	(--):NA	(--):NA	(--):NA	
Agente 12 | (19):45	(--):NA	(--):NA	(--):NA	(--):NA	(--):NA	(--):NA	(--):NA	(--):NA	(--):NA	(--):NA	(--):NA	(--):NA	(--):NA	(--):NA	(--):NA	(--):NA	(--):NA	(--):NA	(--):NA	(--):NA	(--):NA	(--):NA	(--):NA	(--):NA	(--):NA	(--):NA	(--):NA	(--):NA	(--):NA	
Agente 13 | (29):10	(2):5	(--):NA	(--):NA	(--):NA	(--):NA	(--):NA	(--):NA	(--):NA	(--):NA	(--):NA	(--):NA	(--):NA	(--):NA	(--):NA	(--):NA	(--):NA	(--):NA	(--):NA	(--):NA	(--):NA	(--):NA	(--):NA	(--):NA	(--):NA	(--):NA	(--):NA	(--):NA	(--):NA	(--):NA	
Agente 14 | (18):35	(5):35	(2):5	(3):10	(4):20	(1):0	(--):NA	(--):NA	(--):NA	(--):NA	(--):NA	(--):NA	(--):NA	(--):NA	(--):NA	(--):NA	(--):NA	(--):NA	(--):NA	(--):NA	(--):NA	(--):NA	(--):NA	(--):NA	(--):NA	(--):NA	(--):NA	(--):NA	(--):NA	(--):NA	
Agente 15 | (24):90	(12):95	(13):100	(--):NA	(--):NA	(--):NA	(--):NA	(--):NA	(--):NA	(--):NA	(--):NA	(--):NA	(--):NA	(--):NA	(--):NA	(--):NA	(--):NA	(--):NA	(--):NA	(--):NA	(--):NA	(--):NA	(--):NA	(--):NA	(--):NA	(--):NA	(--):NA	(--):NA	(--):NA	(--):NA	
Agente 16 | (20):50	(1):0	(--):NA	(--):NA	(--):NA	(--):NA	(--):NA	(--):NA	(--):NA	(--):NA	(--):NA	(--):NA	(--):NA	(--):NA	(--):NA	(--):NA	(--):NA	(--):NA	(--):NA	(--):NA	(--):NA	(--):NA	(--):NA	(--):NA	(--):NA	(--):NA	(--):NA	(--):NA	(--):NA	(--):NA	
Agente 17 | (30):20	(5):35	(2):5	(3):10	(4):20	(1):0	(--):NA	(--):NA	(--):NA	(--):NA	(--):NA	(--):NA	(--):NA	(--):NA	(--):NA	(--):NA	(--):NA	(--):NA	(--):NA	(--):NA	(--):NA	(--):NA	(--):NA	(--):NA	(--):NA	(--):NA	(--):NA	(--):NA	(--):NA	(--):NA	
Agente 18 | (22):65	(12):95	(--):NA	(--):NA	(--):NA	(--):NA	(--):NA	(--):NA	(--):NA	(--):NA	(--):NA	(--):NA	(--):NA	(--):NA	(--):NA	(--):NA	(--):NA	(--):NA	(--):NA	(--):NA	(--):NA	(--):NA	(--):NA	(--):NA	(--):NA	(--):NA	(--):NA	(--):NA	(--):NA	(--):NA	
Agente 19 | (20):50	(--):NA	(--):NA	(--):NA	(--):NA	(--):NA	(--):NA	(--):NA	(--):NA	(--):NA	(--):NA	(--):NA	(--):NA	(--):NA	(--):NA	(--):NA	(--):NA	(--):NA	(--):NA	(--):NA	(--):NA	(--):NA	(--):NA	(--):NA	(--):NA	(--):NA	(--):NA	(--):NA	(--):NA	(--):NA	
Agente 20 | (28):5	(3):10	(14):0	(2):5	(1):0	(--):NA	(--):NA	(--):NA	(--):NA	(--):NA	(--):NA	(--):NA	(--):NA	(--):NA	(--):NA	(--):NA	(--):NA	(--):NA	(--):NA	(--):NA	(--):NA	(--):NA	(--):NA	(--):NA	(--):NA	(--):NA	(--):NA	(--):NA	(--):NA	(--):NA	
Agente 21 | (18):35	(1):0	(2):5	(3):10	(--):NA	(--):NA	(--):NA	(--):NA	(--):NA	(--):NA	(--):NA	(--):NA	(--):NA	(--):NA	(--):NA	(--):NA	(--):NA	(--):NA	(--):NA	(--):NA	(--):NA	(--):NA	(--):NA	(--):NA	(--):NA	(--):NA	(--):NA	(--):NA	(--):NA	(--):NA	
Agente 22 | (26):100	(10):80	(--):NA	(--):NA	(--):NA	(--):NA	(--):NA	(--):NA	(--):NA	(--):NA	(--):NA	(--):NA	(--):NA	(--):NA	(--):NA	(--):NA	(--):NA	(--):NA	(--):NA	(--):NA	(--):NA	(--):NA	(--):NA	(--):NA	(--):NA	(--):NA	(--):NA	(--):NA	(--):NA	(--):NA	
Agente 23 | (18):35	(3):10	(2):5	(1):0	(--):NA	(--):NA	(--):NA	(--):NA	(--):NA	(--):NA	(--):NA	(--):NA	(--):NA	(--):NA	(--):NA	(--):NA	(--):NA	(--):NA	(--):NA	(--):NA	(--):NA	(--):NA	(--):NA	(--):NA	(--):NA	(--):NA	(--):NA	(--):NA	(--):NA	(--):NA	
Agente 24 | (19):45	(3):10	(2):5	(1):0	(--):NA	(--):NA	(--):NA	(--):NA	(--):NA	(--):NA	(--):NA	(--):NA	(--):NA	(--):NA	(--):NA	(--):NA	(--):NA	(--):NA	(--):NA	(--):NA	(--):NA	(--):NA	(--):NA	(--):NA	(--):NA	(--):NA	(--):NA	(--):NA	(--):NA	(--):NA	
Agente 25 | (26):100	(6):45	(12):95	(13):100	(25):95	(--):NA	(--):NA	(--):NA	(--):NA	(--):NA	(--):NA	(--):NA	(--):NA	(--):NA	(--):NA	(--):NA	(--):NA	(--):NA	(--):NA	(--):NA	(--):NA	(--):NA	(--):NA	(--):NA	(--):NA	(--):NA	(--):NA	(--):NA	(--):NA	(--):NA	
Agente 26 | (21):55	(--):NA	(--):NA	(--):NA	(--):NA	(--):NA	(--):NA	(--):NA	(--):NA	(--):NA	(--):NA	(--):NA	(--):NA	(--):NA	(--):NA	(--):NA	(--):NA	(--):NA	(--):NA	(--):NA	(--):NA	(--):NA	(--):NA	(--):NA	(--):NA	(--):NA	(--):NA	(--):NA	(--):NA	(--):NA	
Agente 27 | (27):0	(3):10	(2):5	(--):NA	(--):NA	(--):NA	(--):NA	(--):NA	(--):NA	(--):NA	(--):NA	(--):NA	(--):NA	(--):NA	(--):NA	(--):NA	(--):NA	(--):NA	(--):NA	(--):NA	(--):NA	(--):NA	(--):NA	(--):NA	(--):NA	(--):NA	(--):NA	(--):NA	(--):NA	(--):NA	
Agente 28 | (27):0	(17):20	(2):5	(3):10	(4):20	(16):10	(15):5	(28):5	(14):0	(29):10	(1):0	(--):NA	(--):NA	(--):NA	(--):NA	(--):NA	(--):NA	(--):NA	(--):NA	(--):NA	(--):NA	(--):NA	(--):NA	(--):NA	(--):NA	(--):NA	(--):NA	(--):NA	(--):NA	(--):NA	
Agente 29 | (26):100	(8):55	(--):NA	(--):NA	(--):NA	(--):NA	(--):NA	(--):NA	(--):NA	(--):NA	(--):NA	(--):NA	(--):NA	(--):NA	(--):NA	(--):NA	(--):NA	(--):NA	(--):NA	(--):NA	(--):NA	(--):NA	(--):NA	(--):NA	(--):NA	(--):NA	(--):NA	(--):NA	(--):NA	(--):NA	
Agente 30 | (30):20	(1):0	(--):NA	(--):NA	(--):NA	(--):NA	(--):NA	(--):NA	(--):NA	(--):NA	(--):NA	(--):NA	(--):NA	(--):NA	(--):NA	(--):NA	(--):NA	(--):NA	(--):NA	(--):NA	(--):NA	(--):NA	(--):NA	(--):NA	(--):NA	(--):NA	(--):NA	(--):NA	(--):NA	(--):NA	
----------
==========
%%%mzn-stat: objective=0
%%%mzn-stat: objectiveBound=0
%%%mzn-stat: boolVariables=74190
%%%mzn-stat: failures=51
%%%mzn-stat: propagations=9554666
%%%mzn-stat: solveTime=20.2398
%%%mzn-stat: nSolutions=1
%%%mzn-stat-end
