% Generated FlatZinc statistics:
%%%mzn-stat: paths=0
%%%mzn-stat: flatBoolVars=2436
%%%mzn-stat: flatIntVars=1139
%%%mzn-stat: flatBoolConstraints=876
%%%mzn-stat: flatIntConstraints=3443
%%%mzn-stat: evaluatedReifiedConstraints=2016
%%%mzn-stat: evaluatedHalfReifiedConstraints=708
%%%mzn-stat: eliminatedImplications=288
%%%mzn-stat: method="minimize"
%%%mzn-stat: flatTime=0.180348
%%%mzn-stat-end
minizinc.exe : WARNING: the --time-out flag has recently been changed.The time-out is now provided in milliseconds instead of seconds
At C:\Users\lialq\OneDrive\Escritorio\Semestre-2026-I\PRACTICA-INV\modelo_simple\tools\run_benchmarks.ps1:134 char:23
+             $output = & $MiniZinc @minizincArgs 2>&1
+                       ~~~~~~~~~~~~~~~~~~~~~~~~~~~~~~
    + CategoryInfo          : NotSpecified: (WARNING: the --...tead of seconds:String) [], RemoteException
    + FullyQualifiedErrorId : NativeCommandError
 
% Warning: Unknown or not support variable selection annotation 'dom_w_deg'! Ignore variable selection annotation and replace it by 'input_order'.
%%%mzn-stat: nodes=5673
%%%mzn-stat: failures=1189
%%%mzn-stat: restarts=14
%%%mzn-stat: variables=121173
%%%mzn-stat: intVars=1300
%%%mzn-stat: boolVariables=119871
%%%mzn-stat: propagators=1902
%%%mzn-stat: propagations=530129
%%%mzn-stat: peakDepth=114
%%%mzn-stat: nogoods=1189
%%%mzn-stat: backjumps=2992
%%%mzn-stat: peakMem=0.00
%%%mzn-stat: time=0.197
%%%mzn-stat: initTime=0.121
%%%mzn-stat: solveTime=0.076
%%%mzn-stat: objective=0
%%%mzn-stat: optTime=0.076
%%%mzn-stat: baseMem=0.00
%%%mzn-stat: trailMem=0.28
%%%mzn-stat: randomSeed=-453389576
%%%mzn-stat-end
=== CONSENSUS DIRECTED ===
Target agente 1: 75

Agente 1 | (6): 45	(5): 36	(7): 55	(4): 27	(8): 64	(9): 73	(3): 18	(11): 91	(10): 82	(--): N/A	(--): N/A	(--): N/A	

Agente 2 | (6): 45	(5): 36	(7): 55	(4): 27	(8): 64	(3): 18	(9): 73	(11): 91	(10): 82	(--): N/A	(--): N/A	(--): N/A	

Agente 3 | (6): 45	(5): 36	(7): 55	(4): 27	(8): 64	(3): 18	(9): 73	(10): 82	(12): 100	(--): N/A	(--): N/A	(--): N/A	

Agente 4 | (6): 45	(7): 55	(5): 36	(8): 64	(4): 27	(10): 82	(9): 73	(11): 91	(12): 100	(--): N/A	(--): N/A	(--): N/A	

Agente 5 | (6): 45	(5): 36	(7): 55	(4): 27	(8): 64	(3): 18	(10): 82	(11): 91	(9): 73	(--): N/A	(--): N/A	(--): N/A	

Agente 6 | (6): 45	(5): 36	(7): 55	(4): 27	(10): 82	(3): 18	(9): 73	(11): 91	(--): N/A	(--): N/A	(--): N/A	(--): N/A	

Agente 7 | (6): 45	(5): 36	(7): 55	(4): 27	(8): 64	(3): 18	(9): 73	(11): 91	(10): 82	(--): N/A	(--): N/A	(--): N/A	

Agente 8 | (6): 45	(5): 36	(7): 55	(4): 27	(8): 64	(3): 18	(9): 73	(10): 82	(12): 100	(--): N/A	(--): N/A	(--): N/A	

Agente 9 | (6): 45	(7): 55	(5): 36	(8): 64	(4): 27	(10): 82	(9): 73	(11): 91	(12): 100	(--): N/A	(--): N/A	(--): N/A	

Agente 10 | (6): 45	(5): 36	(7): 55	(4): 27	(8): 64	(3): 18	(10): 82	(11): 91	(9): 73	(--): N/A	(--): N/A	(--): N/A	

Agente 11 | (4): 27	(8): 64	(9): 73	(6): 45	(10): 82	(2): 9	(7): 55	(12): 100	(--): N/A	(--): N/A	(--): N/A	(--): N/A	

Agente 12 | (1): 0	(4): 27	(6): 45	(2): 9	(9): 73	(7): 55	(5): 36	(12): 100	(10): 82	(--): N/A	(--): N/A	(--): N/A	

Opiniones Finales: [75, 75, 75, 75, 75, 75, 75, 75, 75, 75, 75, 75]
Diferencia de opiniones maximas Final: 0
----------
==========
% [<UNKNOWN>]
%%%mzn-stat: nSolutions=1
%%%mzn-stat-end
