% Generated FlatZinc statistics:
%%%mzn-stat: paths=0
%%%mzn-stat: flatBoolVars=624
%%%mzn-stat: flatIntVars=425
%%%mzn-stat: flatBoolConstraints=282
%%%mzn-stat: flatIntConstraints=1020
%%%mzn-stat: evaluatedReifiedConstraints=528
%%%mzn-stat: evaluatedHalfReifiedConstraints=192
%%%mzn-stat: eliminatedImplications=96
%%%mzn-stat: method="minimize"
%%%mzn-stat: flatTime=0.10025
%%%mzn-stat-end
minizinc.exe : WARNING: the --time-out flag has recently been changed.The time-out is now provided in milliseconds 
instead of seconds
At C:\Users\lialq\OneDrive\Escritorio\Semestre-2026-I\PRACTICA-INV\modelo_simple\tools\run_benchmarks.ps1:152 char:23
+             $output = & $MiniZinc @minizincArgs 2>&1
+                       ~~~~~~~~~~~~~~~~~~~~~~~~~~~~~~
    + CategoryInfo          : NotSpecified: (WARNING: the --...tead of seconds:String) [], RemoteException
    + FullyQualifiedErrorId : NativeCommandError
 
% Warning: Unknown or not support variable selection annotation 'dom_w_deg'! Ignore variable selection annotation and 
replace it by 'input_order'.
%%%mzn-stat: nodes=81
%%%mzn-stat: failures=13
%%%mzn-stat: restarts=1
%%%mzn-stat: variables=35155
%%%mzn-stat: intVars=483
%%%mzn-stat: boolVariables=34670
%%%mzn-stat: propagators=644
%%%mzn-stat: propagations=14746
%%%mzn-stat: peakDepth=22
%%%mzn-stat: nogoods=13
%%%mzn-stat: backjumps=49
%%%mzn-stat: peakMem=0.00
%%%mzn-stat: time=0.039
%%%mzn-stat: initTime=0.037
%%%mzn-stat: solveTime=0.002
%%%mzn-stat: objective=12
%%%mzn-stat: optTime=0.002
%%%mzn-stat: baseMem=0.00
%%%mzn-stat: trailMem=0.08
%%%mzn-stat: randomSeed=-1132829371
%%%mzn-stat-end
=== EPSILON-CONSENSO DIRIGIDO CHUFFED SEARCH ===
A=6 C=8 Iend=8 target=25 epsilon=12
Banda objetivo: [13,37]
Asignaciones totales: 12
Asignaciones por agente: [1, 2, 2, 3, 2, 2]
Polarizacion final: 7
Opiniones finales: [33, 30, 30, 37, 32, 32]
max_diff por turno: [22, 22, 17, 7, 7, 7, 7, 7, 7]

Nota: full_output=false; active full_output=true si necesita la matriz completa.
----------
==========
% [total_assigned > 11]
%%%mzn-stat: nSolutions=1
%%%mzn-stat-end
