% Generated FlatZinc statistics:
%%%mzn-stat: paths=0
%%%mzn-stat: flatBoolVars=618
%%%mzn-stat: flatIntVars=375
%%%mzn-stat: flatBoolConstraints=294
%%%mzn-stat: flatIntConstraints=953
%%%mzn-stat: evaluatedReifiedConstraints=480
%%%mzn-stat: evaluatedHalfReifiedConstraints=234
%%%mzn-stat: eliminatedImplications=96
%%%mzn-stat: method="minimize"
%%%mzn-stat: flatTime=0.0995258
%%%mzn-stat-end
minizinc.exe : WARNING: the --time-out flag has recently been changed.The time-out is now provided in milliseconds instead of seconds
At C:\Users\lialq\OneDrive\Escritorio\Semestre-2026-I\PRACTICA-INV\modelo_simple\tools\run_benchmarks.ps1:134 char:23
+             $output = & $MiniZinc @minizincArgs 2>&1
+                       ~~~~~~~~~~~~~~~~~~~~~~~~~~~~~~
    + CategoryInfo          : NotSpecified: (WARNING: the --...tead of seconds:String) [], RemoteException
    + FullyQualifiedErrorId : NativeCommandError
 
% Warning: Unknown or not support variable selection annotation 'dom_w_deg'! Ignore variable selection annotation and replace it by 'input_order'.
%%%mzn-stat: nodes=1727
%%%mzn-stat: failures=631
%%%mzn-stat: restarts=15
%%%mzn-stat: variables=38054
%%%mzn-stat: intVars=435
%%%mzn-stat: boolVariables=37617
%%%mzn-stat: propagators=638
%%%mzn-stat: propagations=222843
%%%mzn-stat: peakDepth=36
%%%mzn-stat: nogoods=631
%%%mzn-stat: backjumps=644
%%%mzn-stat: peakMem=0.00
%%%mzn-stat: time=0.066
%%%mzn-stat: initTime=0.039
%%%mzn-stat: solveTime=0.027
%%%mzn-stat: objective=3
%%%mzn-stat: optTime=0.026
%%%mzn-stat: baseMem=0.00
%%%mzn-stat: trailMem=0.08
%%%mzn-stat: randomSeed=-842933763
%%%mzn-stat-end
=== CONSENSUS DIRECTED ===
Target agente 1: 25

Agente 1 | (4): 43	(3): 29	(6): 71	(1): 0	(--): N/A	(--): N/A	(--): N/A	(--): N/A	

Agente 2 | (3): 29	(4): 43	(5): 57	(1): 0	(--): N/A	(--): N/A	(--): N/A	(--): N/A	

Agente 3 | (4): 43	(3): 29	(6): 71	(1): 0	(2): 14	(--): N/A	(--): N/A	(--): N/A	

Agente 4 | (5): 57	(4): 43	(3): 29	(2): 14	(1): 0	(--): N/A	(--): N/A	(--): N/A	

Agente 5 | (4): 43	(5): 57	(6): 71	(1): 0	(3): 29	(--): N/A	(--): N/A	(--): N/A	

Agente 6 | (7): 86	(3): 29	(4): 43	(2): 14	(--): N/A	(--): N/A	(--): N/A	(--): N/A	

Opiniones Finales: [25, 28, 26, 28, 26, 28]
Diferencia de opiniones maximas Final: 3
----------
==========
% [obj > 2]
%%%mzn-stat: nSolutions=1
%%%mzn-stat-end
