% Generated FlatZinc statistics:
%%%mzn-stat: paths=0
%%%mzn-stat: flatBoolVars=2448
%%%mzn-stat: flatIntVars=1285
%%%mzn-stat: flatBoolConstraints=852
%%%mzn-stat: flatIntConstraints=3624
%%%mzn-stat: evaluatedReifiedConstraints=2160
%%%mzn-stat: evaluatedHalfReifiedConstraints=576
%%%mzn-stat: eliminatedImplications=288
%%%mzn-stat: method="minimize"
%%%mzn-stat: flatTime=0.16923
%%%mzn-stat-end
minizinc.exe : WARNING: the --time-out flag has recently been changed.The time-out is now provided in milliseconds 
instead of seconds
At C:\Users\lialq\OneDrive\Escritorio\Semestre-2026-I\PRACTICA-INV\modelo_simple\tools\run_benchmarks.ps1:152 char:23
+             $output = & $MiniZinc @minizincArgs 2>&1
+                       ~~~~~~~~~~~~~~~~~~~~~~~~~~~~~~
    + CategoryInfo          : NotSpecified: (WARNING: the --...tead of seconds:String) [], RemoteException
    + FullyQualifiedErrorId : NativeCommandError
 
%%%mzn-stat: nodes=12493
%%%mzn-stat: failures=1284
%%%mzn-stat: restarts=40
%%%mzn-stat: variables=131057
%%%mzn-stat: intVars=1445
%%%mzn-stat: boolVariables=129610
%%%mzn-stat: propagators=1908
%%%mzn-stat: propagations=3017502
%%%mzn-stat: peakDepth=80
%%%mzn-stat: nogoods=1284
%%%mzn-stat: backjumps=9439
%%%mzn-stat: peakMem=0.00
%%%mzn-stat: time=0.479
%%%mzn-stat: initTime=0.119
%%%mzn-stat: solveTime=0.360
%%%mzn-stat: objective=21
%%%mzn-stat: optTime=0.359
%%%mzn-stat: baseMem=0.00
%%%mzn-stat: trailMem=0.28
%%%mzn-stat: randomSeed=-1639838234
%%%mzn-stat-end
=== EPSILON-CONSENSO DIRIGIDO OPTIMIZADO ===
A=12 C=12 Iend=12 target=25 epsilon=12
Banda objetivo: [13,37]
Asignaciones totales: 21
Asignaciones por agente: [1, 2, 2, 3, 1, 1, 2, 2, 2, 1, 2, 2]
Polarizacion final: 11
Opiniones finales: [33, 26, 33, 34, 37, 35, 30, 36, 37, 34, 29, 30]
max_diff por turno: [26, 26, 15, 11, 11, 11, 11, 11, 11, 11, 11, 11, 11]

Asignaciones completas:
Agente 1 | (1):0	(--):NA	(--):NA	(--):NA	(--):NA	(--):NA	(--):NA	(--):NA	(--):NA	(--):NA	(--):NA	(--):NA	
Agente 2 | (2):9	(1):0	(--):NA	(--):NA	(--):NA	(--):NA	(--):NA	(--):NA	(--):NA	(--):NA	(--):NA	(--):NA	
Agente 3 | (3):18	(2):9	(--):NA	(--):NA	(--):NA	(--):NA	(--):NA	(--):NA	(--):NA	(--):NA	(--):NA	(--):NA	
Agente 4 | (1):0	(2):9	(3):18	(--):NA	(--):NA	(--):NA	(--):NA	(--):NA	(--):NA	(--):NA	(--):NA	(--):NA	
Agente 5 | (2):9	(--):NA	(--):NA	(--):NA	(--):NA	(--):NA	(--):NA	(--):NA	(--):NA	(--):NA	(--):NA	(--):NA	
Agente 6 | (2):9	(--):NA	(--):NA	(--):NA	(--):NA	(--):NA	(--):NA	(--):NA	(--):NA	(--):NA	(--):NA	(--):NA	
Agente 7 | (3):18	(2):9	(--):NA	(--):NA	(--):NA	(--):NA	(--):NA	(--):NA	(--):NA	(--):NA	(--):NA	(--):NA	
Agente 8 | (2):9	(1):0	(--):NA	(--):NA	(--):NA	(--):NA	(--):NA	(--):NA	(--):NA	(--):NA	(--):NA	(--):NA	
Agente 9 | (2):9	(1):0	(--):NA	(--):NA	(--):NA	(--):NA	(--):NA	(--):NA	(--):NA	(--):NA	(--):NA	(--):NA	
Agente 10 | (2):9	(--):NA	(--):NA	(--):NA	(--):NA	(--):NA	(--):NA	(--):NA	(--):NA	(--):NA	(--):NA	(--):NA	
Agente 11 | (2):9	(3):18	(--):NA	(--):NA	(--):NA	(--):NA	(--):NA	(--):NA	(--):NA	(--):NA	(--):NA	(--):NA	
Agente 12 | (2):9	(3):18	(--):NA	(--):NA	(--):NA	(--):NA	(--):NA	(--):NA	(--):NA	(--):NA	(--):NA	(--):NA	
----------
==========
% [total_assigned > 20]
%%%mzn-stat: nSolutions=1
%%%mzn-stat-end
