% Generated FlatZinc statistics:
%%%mzn-stat: paths=0
%%%mzn-stat: flatBoolVars=225000
%%%mzn-stat: flatIntVars=315453
%%%mzn-stat: flatBoolConstraints=179700
%%%mzn-stat: flatIntConstraints=496503
%%%mzn-stat: evaluatedReifiedConstraints=135000
%%%mzn-stat: evaluatedHalfReifiedConstraints=180000
%%%mzn-stat: eliminatedImplications=90000
%%%mzn-stat: method="minimize"
%%%mzn-stat: flatTime=27.0331
%%%mzn-stat-end
=== EPSILON-CONSENSO NO DIRIGIDO CHUFFED SEARCH ===
A=300 C=150 Iend=150 epsilon=10
Polarizacion final: 0
Asignaciones por agente: [1, 1, 1, 2, 2, 1, 1, 2, 1, 3, 1, 1, 1, 2, 2, 4, 1, 1, 1, 2, 2, 1, 1, 1, 1, 2, 2, 1, 1, 1, 1, 3, 1, 1, 1, 2, 2, 4, 1, 1, 1, 2, 2, 1, 1, 1, 1, 3, 2, 1, 1, 2, 1, 3, 1, 1, 1, 2, 2, 1, 1, 1, 1, 2, 2, 1, 1, 2, 1, 3, 1, 1, 1, 2, 2, 4, 1, 1, 1, 2, 2, 1, 1, 1, 1, 2, 2, 1, 1, 1, 1, 3, 1, 1, 1, 2, 2, 4, 1, 1, 1, 2, 2, 1, 1, 1, 1, 3, 2, 1, 1, 2, 1, 3, 1, 1, 1, 2, 2, 1, 1, 1, 1, 2, 2, 1, 1, 2, 1, 3, 1, 1, 1, 2, 2, 4, 1, 1, 1, 2, 2, 1, 1, 1, 1, 2, 2, 1, 1, 1, 1, 3, 1, 1, 1, 2, 2, 4, 1, 1, 1, 2, 2, 1, 1, 1, 1, 3, 2, 1, 1, 2, 1, 3, 1, 1, 1, 2, 2, 1, 1, 1, 1, 2, 2, 1, 1, 2, 1, 3, 1, 1, 1, 2, 2, 4, 1, 1, 1, 2, 2, 1, 1, 1, 1, 2, 2, 1, 1, 1, 1, 3, 1, 1, 1, 2, 2, 4, 1, 1, 1, 2, 2, 1, 1, 1, 1, 3, 2, 1, 1, 2, 1, 3, 1, 1, 1, 2, 2, 1, 1, 1, 1, 2, 2, 1, 1, 2, 1, 3, 1, 1, 1, 2, 2, 4, 1, 1, 1, 2, 2, 1, 1, 1, 1, 2, 2, 1, 1, 1, 1, 3, 1, 1, 1, 2, 2, 4, 1, 1, 1, 2, 2, 1, 1, 1, 1, 3, 2, 1, 1, 2, 1, 3, 1, 1, 1, 2, 2, 1]
Opiniones finales: [43, 43, 43, 43, 43, 43, 43, 43, 43, 43, 43, 43, 43, 43, 43, 43, 43, 43, 43, 43, 43, 43, 43, 43, 43, 43, 43, 43, 43, 43, 43, 43, 43, 43, 43, 43, 43, 43, 43, 43, 43, 43, 43, 43, 43, 43, 43, 43, 43, 43, 43, 43, 43, 43, 43, 43, 43, 43, 43, 43, 43, 43, 43, 43, 43, 43, 43, 43, 43, 43, 43, 43, 43, 43, 43, 43, 43, 43, 43, 43, 43, 43, 43, 43, 43, 43, 43, 43, 43, 43, 43, 43, 43, 43, 43, 43, 43, 43, 43, 43, 43, 43, 43, 43, 43, 43, 43, 43, 43, 43, 43, 43, 43, 43, 43, 43, 43, 43, 43, 43, 43, 43, 43, 43, 43, 43, 43, 43, 43, 43, 43, 43, 43, 43, 43, 43, 43, 43, 43, 43, 43, 43, 43, 43, 43, 43, 43, 43, 43, 43, 43, 43, 43, 43, 43, 43, 43, 43, 43, 43, 43, 43, 43, 43, 43, 43, 43, 43, 43, 43, 43, 43, 43, 43, 43, 43, 43, 43, 43, 43, 43, 43, 43, 43, 43, 43, 43, 43, 43, 43, 43, 43, 43, 43, 43, 43, 43, 43, 43, 43, 43, 43, 43, 43, 43, 43, 43, 43, 43, 43, 43, 43, 43, 43, 43, 43, 43, 43, 43, 43, 43, 43, 43, 43, 43, 43, 43, 43, 43, 43, 43, 43, 43, 43, 43, 43, 43, 43, 43, 43, 43, 43, 43, 43, 43, 43, 43, 43, 43, 43, 43, 43, 43, 43, 43, 43, 43, 43, 43, 43, 43, 43, 43, 43, 43, 43, 43, 43, 43, 43, 43, 43, 43, 43, 43, 43, 43, 43, 43, 43, 43, 43, 43, 43, 43, 43, 43, 43, 43, 43, 43, 43, 43, 43, 43, 43, 43, 43, 43, 43]
max_diff por turno: [84, 54, 24, 11, 0, 0, 0, 0, 0, 0, 0, 0, 0, 0, 0, 0, 0, 0, 0, 0, 0, 0, 0, 0, 0, 0, 0, 0, 0, 0, 0, 0, 0, 0, 0, 0, 0, 0, 0, 0, 0, 0, 0, 0, 0, 0, 0, 0, 0, 0, 0, 0, 0, 0, 0, 0, 0, 0, 0, 0, 0, 0, 0, 0, 0, 0, 0, 0, 0, 0, 0, 0, 0, 0, 0, 0, 0, 0, 0, 0, 0, 0, 0, 0, 0, 0, 0, 0, 0, 0, 0, 0, 0, 0, 0, 0, 0, 0, 0, 0, 0, 0, 0, 0, 0, 0, 0, 0, 0, 0, 0, 0, 0, 0, 0, 0, 0, 0, 0, 0, 0, 0, 0, 0, 0, 0, 0, 0, 0, 0, 0, 0, 0, 0, 0, 0, 0, 0, 0, 0, 0, 0, 0, 0, 0, 0, 0, 0, 0, 0, 0]

Nota: full_output=false; active full_output=true si necesita la matriz completa.
----------
==========
%%%mzn-stat: initTime=4.88513
%%%mzn-stat: solveTime=2008.89
%%%mzn-stat: solutions=11
%%%mzn-stat: variables=541053
%%%mzn-stat: propagators=676199
%%%mzn-stat: propagations=79490726
%%%mzn-stat: nodes=26230
%%%mzn-stat: failures=7321
%%%mzn-stat: restarts=26
%%%mzn-stat: peakDepth=1202
%%%mzn-stat-end
%%%mzn-stat: nSolutions=1
%%%mzn-stat-end
