% Generated FlatZinc statistics:
%%%mzn-stat: paths=0
%%%mzn-stat: flatBoolVars=624
%%%mzn-stat: flatIntVars=425
%%%mzn-stat: flatBoolConstraints=282
%%%mzn-stat: flatIntConstraints=1020
%%%mzn-stat: evaluatedReifiedConstraints=528
%%%mzn-stat: evaluatedHalfReifiedConstraints=192
%%%mzn-stat: eliminatedImplications=96
%%%mzn-stat: method="minimize"
%%%mzn-stat: flatTime=1.10565
%%%mzn-stat-end
minizinc.exe : WARNING: the --time-out flag has recently been changed.The time-out is now provided in milliseconds 
instead of seconds
At C:\Users\lialq\OneDrive\Escritorio\Semestre-2026-I\PRACTICA-INV\modelo_simple\tools\run_benchmarks.ps1:152 char:23
+             $output = & $MiniZinc @minizincArgs 2>&1
+                       ~~~~~~~~~~~~~~~~~~~~~~~~~~~~~~
    + CategoryInfo          : NotSpecified: (WARNING: the --...tead of seconds:String) [], RemoteException
    + FullyQualifiedErrorId : NativeCommandError
 
% Warning: Unknown or not support variable selection annotation 'dom_w_deg'! Ignore variable selection annotation and 
replace it by 'input_order'.
%%%mzn-stat: nodes=309
%%%mzn-stat: failures=27
%%%mzn-stat: restarts=13
%%%mzn-stat: variables=34632
%%%mzn-stat: intVars=483
%%%mzn-stat: boolVariables=34147
%%%mzn-stat: propagators=644
%%%mzn-stat: propagations=42037
%%%mzn-stat: peakDepth=27
%%%mzn-stat: nogoods=27
%%%mzn-stat: backjumps=54
%%%mzn-stat: peakMem=0.00
%%%mzn-stat: time=0.039
%%%mzn-stat: initTime=0.032
%%%mzn-stat: solveTime=0.007
%%%mzn-stat: objective=6
%%%mzn-stat: optTime=0.007
%%%mzn-stat: baseMem=0.00
%%%mzn-stat: trailMem=0.08
%%%mzn-stat: randomSeed=296184878
%%%mzn-stat-end
=== EPSILON-CONSENSO DIRIGIDO CHUFFED SEARCH ===
A=6 C=8 Iend=8 target=50 epsilon=15
Banda objetivo: [35,65]
Asignaciones totales: 6
Asignaciones por agente: [1, 1, 1, 1, 1, 1]
Polarizacion final: 16
Opiniones finales: [36, 46, 51, 35, 40, 37]
max_diff por turno: [76, 16, 16, 16, 16, 16, 16, 16, 16]

Nota: full_output=false; active full_output=true si necesita la matriz completa.
----------
==========
% [<UNKNOWN>]
%%%mzn-stat: nSolutions=1
%%%mzn-stat-end
