% Generated FlatZinc statistics:
%%%mzn-stat: paths=0
%%%mzn-stat: flatBoolVars=624
%%%mzn-stat: flatIntVars=425
%%%mzn-stat: flatBoolConstraints=282
%%%mzn-stat: flatIntConstraints=1020
%%%mzn-stat: evaluatedReifiedConstraints=528
%%%mzn-stat: evaluatedHalfReifiedConstraints=192
%%%mzn-stat: eliminatedImplications=96
%%%mzn-stat: method="minimize"
%%%mzn-stat: flatTime=0.103916
%%%mzn-stat-end
minizinc.exe : WARNING: the --time-out flag has recently been changed.The time-out is now provided in milliseconds 
instead of seconds
At C:\Users\lialq\OneDrive\Escritorio\Semestre-2026-I\PRACTICA-INV\modelo_simple\tools\run_benchmarks.ps1:152 char:23
+             $output = & $MiniZinc @minizincArgs 2>&1
+                       ~~~~~~~~~~~~~~~~~~~~~~~~~~~~~~
    + CategoryInfo          : NotSpecified: (WARNING: the --...tead of seconds:String) [], RemoteException
    + FullyQualifiedErrorId : NativeCommandError
 
% Warning: Unknown or not support variable selection annotation 'dom_w_deg'! Ignore variable selection annotation and 
replace it by 'input_order'.
%%%mzn-stat: nodes=977
%%%mzn-stat: failures=283
%%%mzn-stat: restarts=15
%%%mzn-stat: variables=37455
%%%mzn-stat: intVars=483
%%%mzn-stat: boolVariables=36970
%%%mzn-stat: propagators=644
%%%mzn-stat: propagations=247948
%%%mzn-stat: peakDepth=23
%%%mzn-stat: nogoods=283
%%%mzn-stat: backjumps=514
%%%mzn-stat: peakMem=0.00
%%%mzn-stat: time=0.063
%%%mzn-stat: initTime=0.036
%%%mzn-stat: solveTime=0.027
%%%mzn-stat: objective=12
%%%mzn-stat: optTime=0.027
%%%mzn-stat: baseMem=0.00
%%%mzn-stat: trailMem=0.08
%%%mzn-stat: randomSeed=-2076084689
%%%mzn-stat-end
=== EPSILON-CONSENSO DIRIGIDO CHUFFED SEARCH ===
A=6 C=8 Iend=8 target=75 epsilon=12
Banda objetivo: [63,87]
Asignaciones totales: 12
Asignaciones por agente: [1, 1, 3, 3, 2, 2]
Polarizacion final: 6
Opiniones finales: [63, 63, 65, 63, 69, 67]
max_diff por turno: [26, 26, 25, 6, 6, 6, 6, 6, 6]

Nota: full_output=false; active full_output=true si necesita la matriz completa.
----------
==========
% [total_assigned > 11]
%%%mzn-stat: nSolutions=1
%%%mzn-stat-end
