% Generated FlatZinc statistics:
%%%mzn-stat: paths=0
%%%mzn-stat: flatBoolVars=2448
%%%mzn-stat: flatIntVars=1284
%%%mzn-stat: flatBoolConstraints=852
%%%mzn-stat: flatIntConstraints=3623
%%%mzn-stat: evaluatedReifiedConstraints=2160
%%%mzn-stat: evaluatedHalfReifiedConstraints=576
%%%mzn-stat: eliminatedImplications=288
%%%mzn-stat: method="minimize"
%%%mzn-stat: flatTime=0.181027
%%%mzn-stat-end
minizinc.exe : WARNING: the --time-out flag has recently been changed.The time-out is now provided in milliseconds instead of seconds
At C:\Users\lialq\OneDrive\Escritorio\Semestre-2026-I\PRACTICA-INV\modelo_simple\tools\run_benchmarks.ps1:134 char:23
+             $output = & $MiniZinc @minizincArgs 2>&1
+                       ~~~~~~~~~~~~~~~~~~~~~~~~~~~~~~
    + CategoryInfo          : NotSpecified: (WARNING: the --...tead of seconds:String) [], RemoteException
    + FullyQualifiedErrorId : NativeCommandError
 
%%%mzn-stat: nodes=6887
%%%mzn-stat: failures=1249
%%%mzn-stat: restarts=12
%%%mzn-stat: variables=124549
%%%mzn-stat: intVars=1444
%%%mzn-stat: boolVariables=123103
%%%mzn-stat: propagators=1906
%%%mzn-stat: propagations=2219031
%%%mzn-stat: peakDepth=63
%%%mzn-stat: nogoods=1249
%%%mzn-stat: backjumps=4949
%%%mzn-stat: peakMem=0.00
%%%mzn-stat: time=0.380
%%%mzn-stat: initTime=0.115
%%%mzn-stat: solveTime=0.265
%%%mzn-stat: objective=0
%%%mzn-stat: optTime=0.265
%%%mzn-stat: baseMem=0.00
%%%mzn-stat: trailMem=0.28
%%%mzn-stat: randomSeed=-777125096
%%%mzn-stat-end
=== EPSILON-CONSENSO NO DIRIGIDO OPTIMIZADO ===
A=12 C=12 Iend=12 epsilon=15
Polarizacion final: 0
Asignaciones por agente: [5, 5, 5, 5, 5, 5, 5, 5, 5, 5, 5, 5]
Opiniones finales: [34, 34, 34, 34, 34, 34, 34, 34, 34, 34, 34, 34]
max_diff por turno: [82, 58, 44, 43, 43, 0, 0, 0, 0, 0, 0, 0, 0]

Asignaciones completas:
Agente 1 | (6):45	(5):36	(7):55	(12):100	(2):9	(--):NA	(--):NA	(--):NA	(--):NA	(--):NA	(--):NA	(--):NA	
Agente 2 | (6):45	(5):36	(7):55	(9):73	(2):9	(--):NA	(--):NA	(--):NA	(--):NA	(--):NA	(--):NA	(--):NA	
Agente 3 | (6):45	(5):36	(7):55	(9):73	(2):9	(--):NA	(--):NA	(--):NA	(--):NA	(--):NA	(--):NA	(--):NA	
Agente 4 | (6):45	(5):36	(7):55	(3):18	(2):9	(--):NA	(--):NA	(--):NA	(--):NA	(--):NA	(--):NA	(--):NA	
Agente 5 | (6):45	(5):36	(7):55	(10):82	(3):18	(--):NA	(--):NA	(--):NA	(--):NA	(--):NA	(--):NA	(--):NA	
Agente 6 | (6):45	(5):36	(7):55	(10):82	(3):18	(--):NA	(--):NA	(--):NA	(--):NA	(--):NA	(--):NA	(--):NA	
Agente 7 | (6):45	(5):36	(4):27	(12):100	(2):9	(--):NA	(--):NA	(--):NA	(--):NA	(--):NA	(--):NA	(--):NA	
Agente 8 | (6):45	(5):36	(7):55	(10):82	(1):0	(--):NA	(--):NA	(--):NA	(--):NA	(--):NA	(--):NA	(--):NA	
Agente 9 | (6):45	(5):36	(1):0	(11):91	(3):18	(--):NA	(--):NA	(--):NA	(--):NA	(--):NA	(--):NA	(--):NA	
Agente 10 | (6):45	(5):36	(1):0	(4):27	(2):9	(--):NA	(--):NA	(--):NA	(--):NA	(--):NA	(--):NA	(--):NA	
Agente 11 | (6):45	(5):36	(4):27	(12):100	(3):18	(--):NA	(--):NA	(--):NA	(--):NA	(--):NA	(--):NA	(--):NA	
Agente 12 | (6):45	(5):36	(4):27	(10):82	(3):18	(--):NA	(--):NA	(--):NA	(--):NA	(--):NA	(--):NA	(--):NA	
----------
==========
% [<UNKNOWN>]
%%%mzn-stat: nSolutions=1
%%%mzn-stat-end
