% Generated FlatZinc statistics:
%%%mzn-stat: paths=0
%%%mzn-stat: flatBoolVars=31500
%%%mzn-stat: flatIntVars=8070
%%%mzn-stat: flatBoolConstraints=5370
%%%mzn-stat: flatIntConstraints=38759
%%%mzn-stat: evaluatedReifiedConstraints=29700
%%%mzn-stat: evaluatedHalfReifiedConstraints=3600
%%%mzn-stat: eliminatedImplications=1800
%%%mzn-stat: method="minimize"
%%%mzn-stat: flatTime=0.932271
%%%mzn-stat-end
minizinc.exe : WARNING: the --time-out flag has recently been changed.The time-out is now provided in milliseconds instead of seconds
At C:\Users\lialq\OneDrive\Escritorio\Semestre-2026-I\PRACTICA-INV\modelo_simple\tools\run_benchmarks.ps1:134 char:23
+             $output = & $MiniZinc @minizincArgs 2>&1
+                       ~~~~~~~~~~~~~~~~~~~~~~~~~~~~~~
    + CategoryInfo          : NotSpecified: (WARNING: the --...tead of seconds:String) [], RemoteException
    + FullyQualifiedErrorId : NativeCommandError
 
%%%mzn-stat: nodes=875906
%%%mzn-stat: failures=22523
%%%mzn-stat: restarts=7
%%%mzn-stat: variables=1082715
%%%mzn-stat: intVars=8103
%%%mzn-stat: boolVariables=1074610
%%%mzn-stat: propagators=11788
%%%mzn-stat: propagations=212670552
%%%mzn-stat: peakDepth=495
%%%mzn-stat: nogoods=22523
%%%mzn-stat: backjumps=850033
%%%mzn-stat: peakMem=0.00
%%%mzn-stat: time=63.651
%%%mzn-stat: initTime=0.930
%%%mzn-stat: solveTime=62.721
%%%mzn-stat: objective=0
%%%mzn-stat: optTime=62.709
%%%mzn-stat: baseMem=0.00
%%%mzn-stat: trailMem=2.11
%%%mzn-stat: randomSeed=-206158762
%%%mzn-stat-end
=== EPSILON-CONSENSO NO DIRIGIDO OPTIMIZADO ===
A=30 C=30 Iend=30 epsilon=10
Polarizacion final: 0
Asignaciones por agente: [14, 16, 17, 19, 19, 14, 16, 16, 18, 18, 13, 13, 16, 18, 21, 20, 14, 16, 17, 18, 19, 13, 13, 16, 17, 21, 19, 14, 16, 18]
Opiniones finales: [24, 24, 24, 24, 24, 24, 24, 24, 24, 24, 24, 24, 24, 24, 24, 24, 24, 24, 24, 24, 24, 24, 24, 24, 24, 24, 24, 24, 24, 24]
max_diff por turno: [84, 58, 45, 36, 30, 24, 20, 16, 10, 10, 9, 8, 8, 8, 8, 8, 8, 8, 8, 8, 1, 0, 0, 0, 0, 0, 0, 0, 0, 0, 0]

Asignaciones completas:
Agente 1 | (15):48	(14):45	(16):52	(13):41	(17):55	(12):38	(18):59	(11):34	(19):62	(10):31	(20):66	(9):28	(6):17	(8):24	(--):NA	(--):NA	(--):NA	(--):NA	(--):NA	(--):NA	(--):NA	(--):NA	(--):NA	(--):NA	(--):NA	(--):NA	(--):NA	(--):NA	(--):NA	(--):NA	
Agente 2 | (15):48	(14):45	(16):52	(13):41	(17):55	(12):38	(18):59	(11):34	(20):66	(7):21	(21):69	(8):24	(6):17	(9):28	(4):10	(10):31	(--):NA	(--):NA	(--):NA	(--):NA	(--):NA	(--):NA	(--):NA	(--):NA	(--):NA	(--):NA	(--):NA	(--):NA	(--):NA	(--):NA	
Agente 3 | (15):48	(14):45	(16):52	(13):41	(17):55	(12):38	(18):59	(11):34	(21):69	(5):14	(23):76	(6):17	(4):10	(8):24	(3):7	(10):31	(9):28	(--):NA	(--):NA	(--):NA	(--):NA	(--):NA	(--):NA	(--):NA	(--):NA	(--):NA	(--):NA	(--):NA	(--):NA	(--):NA	
Agente 4 | (15):48	(14):45	(16):52	(13):41	(17):55	(12):38	(18):59	(11):34	(22):72	(3):7	(25):83	(4):10	(5):14	(2):3	(8):24	(7):21	(9):28	(6):17	(10):31	(--):NA	(--):NA	(--):NA	(--):NA	(--):NA	(--):NA	(--):NA	(--):NA	(--):NA	(--):NA	(--):NA	
Agente 5 | (15):48	(14):45	(16):52	(13):41	(17):55	(12):38	(18):59	(11):34	(27):90	(4):10	(28):93	(3):7	(1):0	(6):17	(2):3	(7):21	(8):24	(9):28	(10):31	(--):NA	(--):NA	(--):NA	(--):NA	(--):NA	(--):NA	(--):NA	(--):NA	(--):NA	(--):NA	(--):NA	
Agente 6 | (15):48	(14):45	(16):52	(13):41	(17):55	(12):38	(18):59	(11):34	(20):66	(8):24	(19):62	(9):28	(10):31	(7):21	(--):NA	(--):NA	(--):NA	(--):NA	(--):NA	(--):NA	(--):NA	(--):NA	(--):NA	(--):NA	(--):NA	(--):NA	(--):NA	(--):NA	(--):NA	(--):NA	
Agente 7 | (15):48	(14):45	(16):52	(13):41	(17):55	(12):38	(18):59	(11):34	(20):66	(7):21	(21):69	(8):24	(6):17	(9):28	(4):10	(10):31	(--):NA	(--):NA	(--):NA	(--):NA	(--):NA	(--):NA	(--):NA	(--):NA	(--):NA	(--):NA	(--):NA	(--):NA	(--):NA	(--):NA	
Agente 8 | (15):48	(14):45	(16):52	(13):41	(17):55	(12):38	(18):59	(11):34	(20):66	(6):17	(22):72	(7):21	(5):14	(9):28	(4):10	(10):31	(--):NA	(--):NA	(--):NA	(--):NA	(--):NA	(--):NA	(--):NA	(--):NA	(--):NA	(--):NA	(--):NA	(--):NA	(--):NA	(--):NA	
Agente 9 | (15):48	(14):45	(16):52	(13):41	(17):55	(12):38	(18):59	(11):34	(22):72	(4):10	(26):86	(5):14	(3):7	(8):24	(2):3	(7):21	(9):28	(10):31	(--):NA	(--):NA	(--):NA	(--):NA	(--):NA	(--):NA	(--):NA	(--):NA	(--):NA	(--):NA	(--):NA	(--):NA	
Agente 10 | (15):48	(14):45	(16):52	(13):41	(17):55	(12):38	(18):59	(11):34	(19):62	(3):7	(26):86	(4):10	(1):0	(6):17	(5):14	(8):24	(7):21	(10):31	(--):NA	(--):NA	(--):NA	(--):NA	(--):NA	(--):NA	(--):NA	(--):NA	(--):NA	(--):NA	(--):NA	(--):NA	
Agente 11 | (15):48	(14):45	(16):52	(13):41	(17):55	(12):38	(18):59	(11):34	(19):62	(8):24	(20):66	(9):28	(7):21	(--):NA	(--):NA	(--):NA	(--):NA	(--):NA	(--):NA	(--):NA	(--):NA	(--):NA	(--):NA	(--):NA	(--):NA	(--):NA	(--):NA	(--):NA	(--):NA	(--):NA	
Agente 12 | (15):48	(14):45	(16):52	(13):41	(17):55	(12):38	(18):59	(11):34	(20):66	(8):24	(21):69	(9):28	(6):17	(--):NA	(--):NA	(--):NA	(--):NA	(--):NA	(--):NA	(--):NA	(--):NA	(--):NA	(--):NA	(--):NA	(--):NA	(--):NA	(--):NA	(--):NA	(--):NA	(--):NA	
Agente 13 | (15):48	(14):45	(16):52	(13):41	(17):55	(12):38	(18):59	(11):34	(20):66	(7):21	(21):69	(8):24	(6):17	(9):28	(4):10	(10):31	(--):NA	(--):NA	(--):NA	(--):NA	(--):NA	(--):NA	(--):NA	(--):NA	(--):NA	(--):NA	(--):NA	(--):NA	(--):NA	(--):NA	
Agente 14 | (15):48	(14):45	(16):52	(13):41	(17):55	(12):38	(18):59	(11):34	(21):69	(5):14	(23):76	(6):17	(4):10	(9):28	(2):3	(7):21	(8):24	(10):31	(--):NA	(--):NA	(--):NA	(--):NA	(--):NA	(--):NA	(--):NA	(--):NA	(--):NA	(--):NA	(--):NA	(--):NA	
Agente 15 | (15):48	(14):45	(16):52	(13):41	(17):55	(12):38	(18):59	(11):34	(24):79	(4):10	(25):83	(5):14	(2):3	(6):17	(8):24	(10):31	(1):0	(7):21	(19):62	(3):7	(9):28	(--):NA	(--):NA	(--):NA	(--):NA	(--):NA	(--):NA	(--):NA	(--):NA	(--):NA	
Agente 16 | (15):48	(14):45	(16):52	(13):41	(17):55	(12):38	(18):59	(6):17	(19):62	(3):7	(27):90	(1):0	(2):3	(5):14	(4):10	(10):31	(11):34	(9):28	(7):21	(8):24	(--):NA	(--):NA	(--):NA	(--):NA	(--):NA	(--):NA	(--):NA	(--):NA	(--):NA	(--):NA	
Agente 17 | (15):48	(14):45	(16):52	(13):41	(17):55	(12):38	(18):59	(11):34	(20):66	(8):24	(21):69	(9):28	(10):31	(7):21	(--):NA	(--):NA	(--):NA	(--):NA	(--):NA	(--):NA	(--):NA	(--):NA	(--):NA	(--):NA	(--):NA	(--):NA	(--):NA	(--):NA	(--):NA	(--):NA	
Agente 18 | (15):48	(14):45	(16):52	(13):41	(17):55	(12):38	(18):59	(11):34	(20):66	(7):21	(21):69	(8):24	(6):17	(9):28	(4):10	(10):31	(--):NA	(--):NA	(--):NA	(--):NA	(--):NA	(--):NA	(--):NA	(--):NA	(--):NA	(--):NA	(--):NA	(--):NA	(--):NA	(--):NA	
Agente 19 | (15):48	(14):45	(16):52	(13):41	(17):55	(12):38	(18):59	(11):34	(21):69	(6):17	(22):72	(7):21	(5):14	(8):24	(3):7	(10):31	(9):28	(--):NA	(--):NA	(--):NA	(--):NA	(--):NA	(--):NA	(--):NA	(--):NA	(--):NA	(--):NA	(--):NA	(--):NA	(--):NA	
Agente 20 | (15):48	(14):45	(16):52	(13):41	(17):55	(12):38	(18):59	(11):34	(21):69	(4):10	(25):83	(5):14	(3):7	(8):24	(2):3	(7):21	(9):28	(10):31	(--):NA	(--):NA	(--):NA	(--):NA	(--):NA	(--):NA	(--):NA	(--):NA	(--):NA	(--):NA	(--):NA	(--):NA	
Agente 21 | (15):48	(14):45	(16):52	(13):41	(17):55	(12):38	(18):59	(11):34	(26):86	(3):7	(27):90	(4):10	(1):0	(6):17	(5):14	(7):21	(8):24	(9):28	(10):31	(--):NA	(--):NA	(--):NA	(--):NA	(--):NA	(--):NA	(--):NA	(--):NA	(--):NA	(--):NA	(--):NA	
Agente 22 | (15):48	(14):45	(16):52	(13):41	(17):55	(12):38	(18):59	(11):34	(19):62	(8):24	(20):66	(9):28	(7):21	(--):NA	(--):NA	(--):NA	(--):NA	(--):NA	(--):NA	(--):NA	(--):NA	(--):NA	(--):NA	(--):NA	(--):NA	(--):NA	(--):NA	(--):NA	(--):NA	(--):NA	
Agente 23 | (15):48	(14):45	(16):52	(13):41	(17):55	(12):38	(18):59	(11):34	(20):66	(8):24	(21):69	(9):28	(6):17	(--):NA	(--):NA	(--):NA	(--):NA	(--):NA	(--):NA	(--):NA	(--):NA	(--):NA	(--):NA	(--):NA	(--):NA	(--):NA	(--):NA	(--):NA	(--):NA	(--):NA	
Agente 24 | (15):48	(14):45	(16):52	(13):41	(17):55	(12):38	(18):59	(11):34	(20):66	(7):21	(21):69	(8):24	(6):17	(9):28	(4):10	(10):31	(--):NA	(--):NA	(--):NA	(--):NA	(--):NA	(--):NA	(--):NA	(--):NA	(--):NA	(--):NA	(--):NA	(--):NA	(--):NA	(--):NA	
Agente 25 | (15):48	(14):45	(16):52	(13):41	(17):55	(12):38	(18):59	(11):34	(21):69	(5):14	(24):79	(6):17	(4):10	(8):24	(3):7	(10):31	(9):28	(--):NA	(--):NA	(--):NA	(--):NA	(--):NA	(--):NA	(--):NA	(--):NA	(--):NA	(--):NA	(--):NA	(--):NA	(--):NA	
Agente 26 | (15):48	(14):45	(16):52	(13):41	(17):55	(12):38	(18):59	(11):34	(22):72	(3):7	(26):86	(7):21	(1):0	(5):14	(4):10	(8):24	(10):31	(6):17	(19):62	(2):3	(9):28	(--):NA	(--):NA	(--):NA	(--):NA	(--):NA	(--):NA	(--):NA	(--):NA	(--):NA	
Agente 27 | (15):48	(14):45	(16):52	(13):41	(17):55	(12):38	(18):59	(11):34	(28):93	(4):10	(27):90	(2):3	(1):0	(3):7	(5):14	(7):21	(8):24	(9):28	(10):31	(--):NA	(--):NA	(--):NA	(--):NA	(--):NA	(--):NA	(--):NA	(--):NA	(--):NA	(--):NA	(--):NA	
Agente 28 | (15):48	(14):45	(16):52	(13):41	(17):55	(12):38	(18):59	(11):34	(20):66	(8):24	(21):69	(9):28	(10):31	(7):21	(--):NA	(--):NA	(--):NA	(--):NA	(--):NA	(--):NA	(--):NA	(--):NA	(--):NA	(--):NA	(--):NA	(--):NA	(--):NA	(--):NA	(--):NA	(--):NA	
Agente 29 | (15):48	(14):45	(16):52	(13):41	(17):55	(12):38	(18):59	(11):34	(20):66	(7):21	(21):69	(8):24	(6):17	(9):28	(4):10	(10):31	(--):NA	(--):NA	(--):NA	(--):NA	(--):NA	(--):NA	(--):NA	(--):NA	(--):NA	(--):NA	(--):NA	(--):NA	(--):NA	(--):NA	
Agente 30 | (15):48	(14):45	(16):52	(13):41	(17):55	(12):38	(18):59	(11):34	(21):69	(5):14	(23):76	(7):21	(4):10	(8):24	(3):7	(9):28	(6):17	(10):31	(--):NA	(--):NA	(--):NA	(--):NA	(--):NA	(--):NA	(--):NA	(--):NA	(--):NA	(--):NA	(--):NA	(--):NA	
----------
==========
% [<UNKNOWN>]
%%%mzn-stat: nSolutions=1
%%%mzn-stat-end
