% Generated FlatZinc statistics:
%%%mzn-stat: paths=0
%%%mzn-stat: flatBoolVars=31500
%%%mzn-stat: flatIntVars=8070
%%%mzn-stat: flatBoolConstraints=5370
%%%mzn-stat: flatIntConstraints=38759
%%%mzn-stat: evaluatedReifiedConstraints=29700
%%%mzn-stat: evaluatedHalfReifiedConstraints=3600
%%%mzn-stat: eliminatedImplications=1800
%%%mzn-stat: method="minimize"
%%%mzn-stat: flatTime=0.910289
%%%mzn-stat-end
minizinc.exe : WARNING: the --time-out flag has recently been changed.The time-out is now provided in milliseconds instead of seconds
At C:\Users\lialq\OneDrive\Escritorio\Semestre-2026-I\PRACTICA-INV\modelo_simple\tools\run_benchmarks.ps1:134 char:23
+             $output = & $MiniZinc @minizincArgs 2>&1
+                       ~~~~~~~~~~~~~~~~~~~~~~~~~~~~~~
    + CategoryInfo          : NotSpecified: (WARNING: the --...tead of seconds:String) [], RemoteException
    + FullyQualifiedErrorId : NativeCommandError
 
% Pruned 49283 learnt clauses
% Pruned 49219 learnt clauses
% Pruned 49228 learnt clauses
% Pruned 49250 learnt clauses
% Pruned 49204 learnt clauses
% Pruned 49285 learnt clauses
% Pruned 49231 learnt clauses
% Pruned 49225 learnt clauses
%%%mzn-stat: nodes=3046726
%%%mzn-stat: failures=463845
%%%mzn-stat: restarts=10
%%%mzn-stat: variables=1086196
%%%mzn-stat: intVars=8103
%%%mzn-stat: boolVariables=1078091
%%%mzn-stat: propagators=11788
%%%mzn-stat: propagations=3306368225
%%%mzn-stat: peakDepth=671
%%%mzn-stat: nogoods=463845
%%%mzn-stat: backjumps=2576292
%%%mzn-stat: peakMem=0.00
%%%mzn-stat: time=702.930
%%%mzn-stat: initTime=0.909
%%%mzn-stat: solveTime=702.021
%%%mzn-stat: objective=0
%%%mzn-stat: optTime=701.927
%%%mzn-stat: baseMem=0.00
%%%mzn-stat: trailMem=2.11
%%%mzn-stat: randomSeed=-520255261
%%%mzn-stat-end
=== EPSILON-CONSENSO NO DIRIGIDO OPTIMIZADO ===
A=30 C=30 Iend=30 epsilon=10
Polarizacion final: 0
Asignaciones por agente: [21, 23, 23, 23, 23, 21, 21, 21, 22, 23, 21, 23, 22, 22, 23, 22, 21, 22, 23, 22, 22, 21, 23, 22, 22, 23, 23, 21, 23, 21]
Opiniones finales: [52, 52, 52, 52, 52, 52, 52, 52, 52, 52, 52, 52, 52, 52, 52, 52, 52, 52, 52, 52, 52, 52, 52, 52, 52, 52, 52, 52, 52, 52]
max_diff por turno: [79, 62, 51, 40, 34, 22, 22, 11, 11, 11, 11, 11, 11, 11, 11, 11, 11, 11, 11, 11, 11, 11, 11, 0, 0, 0, 0, 0, 0, 0, 0]

Asignaciones completas:
Agente 1 | (15):22	(14):17	(16):27	(13):13	(17):31	(12):8	(18):36	(19):41	(20):45	(9):70	(21):50	(8):58	(22):55	(7):52	(23):59	(6):50	(24):64	(10):85	(5):48	(27):78	(4):42	(--):NA	(--):NA	(--):NA	(--):NA	(--):NA	(--):NA	(--):NA	(--):NA	(--):NA	
Agente 2 | (15):22	(14):17	(16):27	(13):13	(17):31	(12):8	(18):36	(19):41	(20):45	(23):59	(9):70	(21):50	(8):58	(22):55	(7):52	(6):50	(10):85	(25):69	(4):42	(30):92	(3):30	(24):64	(5):48	(--):NA	(--):NA	(--):NA	(--):NA	(--):NA	(--):NA	(--):NA	
Agente 3 | (15):22	(14):17	(16):27	(13):13	(17):31	(12):8	(18):36	(19):41	(21):50	(24):64	(9):70	(20):45	(10):85	(8):58	(22):55	(7):52	(27):78	(26):73	(4):42	(29):87	(2):15	(25):69	(6):50	(--):NA	(--):NA	(--):NA	(--):NA	(--):NA	(--):NA	(--):NA	
Agente 4 | (15):22	(14):17	(16):27	(13):13	(17):31	(12):8	(18):36	(19):41	(25):69	(26):73	(10):85	(20):45	(9):70	(21):50	(8):58	(22):55	(27):78	(28):83	(3):30	(29):87	(2):15	(24):64	(6):50	(--):NA	(--):NA	(--):NA	(--):NA	(--):NA	(--):NA	(--):NA	
Agente 5 | (15):22	(14):17	(16):27	(13):13	(17):31	(12):8	(18):36	(19):41	(28):83	(11):100	(10):85	(20):45	(9):70	(21):50	(8):58	(22):55	(27):78	(29):87	(4):42	(30):92	(1):0	(6):50	(23):59	(--):NA	(--):NA	(--):NA	(--):NA	(--):NA	(--):NA	(--):NA	
Agente 6 | (15):22	(14):17	(16):27	(13):13	(17):31	(12):8	(18):36	(19):41	(7):52	(21):50	(8):58	(20):45	(23):59	(22):55	(6):50	(24):64	(9):70	(26):73	(4):42	(25):69	(5):48	(--):NA	(--):NA	(--):NA	(--):NA	(--):NA	(--):NA	(--):NA	(--):NA	(--):NA	
Agente 7 | (15):22	(14):17	(16):27	(13):13	(17):31	(12):8	(18):36	(19):41	(8):58	(21):50	(22):55	(20):45	(24):64	(9):70	(7):52	(23):59	(25):69	(27):78	(5):48	(26):73	(4):42	(--):NA	(--):NA	(--):NA	(--):NA	(--):NA	(--):NA	(--):NA	(--):NA	(--):NA	
Agente 8 | (15):22	(14):17	(16):27	(13):13	(17):31	(12):8	(18):36	(19):41	(9):70	(21):50	(8):58	(20):45	(24):64	(22):55	(7):52	(23):59	(25):69	(26):73	(5):48	(30):92	(3):30	(--):NA	(--):NA	(--):NA	(--):NA	(--):NA	(--):NA	(--):NA	(--):NA	(--):NA	
Agente 9 | (15):22	(14):17	(16):27	(13):13	(17):31	(12):8	(18):36	(19):41	(22):55	(24):64	(23):59	(20):45	(25):69	(9):70	(21):50	(8):58	(26):73	(27):78	(5):48	(11):100	(2):15	(7):52	(--):NA	(--):NA	(--):NA	(--):NA	(--):NA	(--):NA	(--):NA	(--):NA	
Agente 10 | (15):22	(14):17	(16):27	(13):13	(17):31	(12):8	(18):36	(19):41	(27):78	(28):83	(10):85	(20):45	(11):100	(8):58	(7):52	(9):70	(21):50	(29):87	(3):30	(30):92	(1):0	(25):69	(6):50	(--):NA	(--):NA	(--):NA	(--):NA	(--):NA	(--):NA	(--):NA	
Agente 11 | (15):22	(14):17	(16):27	(13):13	(17):31	(12):8	(18):36	(3):30	(8):58	(21):50	(22):55	(20):45	(23):59	(24):64	(7):52	(6):50	(25):69	(27):78	(4):42	(26):73	(5):48	(--):NA	(--):NA	(--):NA	(--):NA	(--):NA	(--):NA	(--):NA	(--):NA	(--):NA	
Agente 12 | (15):22	(14):17	(16):27	(13):13	(17):31	(12):8	(18):36	(19):41	(8):58	(21):50	(22):55	(20):45	(23):59	(9):70	(5):48	(7):52	(25):69	(27):78	(4):42	(28):83	(3):30	(24):64	(6):50	(--):NA	(--):NA	(--):NA	(--):NA	(--):NA	(--):NA	(--):NA	
Agente 13 | (15):22	(14):17	(16):27	(13):13	(17):31	(12):8	(18):36	(19):41	(20):45	(23):59	(9):70	(8):58	(22):55	(7):52	(21):50	(24):64	(26):73	(25):69	(4):42	(27):78	(5):48	(6):50	(--):NA	(--):NA	(--):NA	(--):NA	(--):NA	(--):NA	(--):NA	(--):NA	
Agente 14 | (15):22	(14):17	(16):27	(13):13	(17):31	(12):8	(18):36	(19):41	(22):55	(24):64	(9):70	(20):45	(23):59	(8):58	(21):50	(7):52	(25):69	(26):73	(4):42	(11):100	(3):30	(6):50	(--):NA	(--):NA	(--):NA	(--):NA	(--):NA	(--):NA	(--):NA	(--):NA	
Agente 15 | (15):22	(14):17	(16):27	(13):13	(17):31	(12):8	(18):36	(19):41	(23):59	(25):69	(22):55	(20):45	(26):73	(10):85	(8):58	(21):50	(9):70	(27):78	(4):42	(28):83	(2):15	(24):64	(5):48	(--):NA	(--):NA	(--):NA	(--):NA	(--):NA	(--):NA	(--):NA	
Agente 16 | (15):22	(14):17	(16):27	(13):13	(17):31	(12):8	(18):36	(19):41	(11):100	(29):87	(22):55	(10):85	(9):70	(20):45	(21):50	(8):58	(28):83	(30):92	(7):52	(26):73	(2):15	(6):50	(--):NA	(--):NA	(--):NA	(--):NA	(--):NA	(--):NA	(--):NA	(--):NA	
Agente 17 | (15):22	(14):17	(16):27	(13):13	(17):31	(12):8	(18):36	(19):41	(8):58	(21):50	(22):55	(20):45	(23):59	(24):64	(7):52	(6):50	(25):69	(26):73	(4):42	(9):70	(5):48	(--):NA	(--):NA	(--):NA	(--):NA	(--):NA	(--):NA	(--):NA	(--):NA	(--):NA	
Agente 18 | (15):22	(14):17	(16):27	(13):13	(17):31	(12):8	(18):36	(19):41	(8):58	(21):50	(22):55	(20):45	(24):64	(9):70	(7):52	(23):59	(26):73	(27):78	(5):48	(10):85	(4):42	(6):50	(--):NA	(--):NA	(--):NA	(--):NA	(--):NA	(--):NA	(--):NA	(--):NA	
Agente 19 | (15):22	(14):17	(16):27	(13):13	(17):31	(12):8	(18):36	(19):41	(21):50	(23):59	(22):55	(20):45	(24):64	(9):70	(8):58	(7):52	(25):69	(26):73	(5):48	(28):83	(3):30	(27):78	(4):42	(--):NA	(--):NA	(--):NA	(--):NA	(--):NA	(--):NA	(--):NA	
Agente 20 | (15):22	(14):17	(16):27	(13):13	(17):31	(12):8	(18):36	(19):41	(23):59	(25):69	(9):70	(20):45	(24):64	(21):50	(8):58	(22):55	(26):73	(27):78	(5):48	(11):100	(2):15	(7):52	(--):NA	(--):NA	(--):NA	(--):NA	(--):NA	(--):NA	(--):NA	(--):NA	
Agente 21 | (15):22	(14):17	(16):27	(13):13	(17):31	(3):30	(12):8	(18):36	(26):73	(27):78	(22):55	(19):41	(28):83	(10):85	(20):45	(9):70	(11):100	(6):50	(7):52	(29):87	(1):0	(23):59	(--):NA	(--):NA	(--):NA	(--):NA	(--):NA	(--):NA	(--):NA	(--):NA	
Agente 22 | (15):22	(14):17	(16):27	(13):13	(17):31	(12):8	(18):36	(3):30	(8):58	(21):50	(22):55	(20):45	(23):59	(24):64	(7):52	(6):50	(25):69	(27):78	(4):42	(26):73	(5):48	(--):NA	(--):NA	(--):NA	(--):NA	(--):NA	(--):NA	(--):NA	(--):NA	(--):NA	
Agente 23 | (15):22	(14):17	(16):27	(13):13	(17):31	(12):8	(18):36	(19):41	(8):58	(21):50	(22):55	(20):45	(23):59	(9):70	(5):48	(7):52	(25):69	(27):78	(4):42	(28):83	(3):30	(24):64	(6):50	(--):NA	(--):NA	(--):NA	(--):NA	(--):NA	(--):NA	(--):NA	
Agente 24 | (15):22	(14):17	(16):27	(13):13	(17):31	(12):8	(18):36	(19):41	(20):45	(23):59	(9):70	(8):58	(22):55	(7):52	(21):50	(24):64	(26):73	(25):69	(4):42	(27):78	(5):48	(6):50	(--):NA	(--):NA	(--):NA	(--):NA	(--):NA	(--):NA	(--):NA	(--):NA	
Agente 25 | (15):22	(14):17	(16):27	(13):13	(17):31	(12):8	(18):36	(19):41	(22):55	(24):64	(9):70	(20):45	(23):59	(8):58	(21):50	(7):52	(25):69	(26):73	(4):42	(11):100	(3):30	(5):48	(--):NA	(--):NA	(--):NA	(--):NA	(--):NA	(--):NA	(--):NA	(--):NA	
Agente 26 | (15):22	(14):17	(16):27	(13):13	(17):31	(12):8	(18):36	(19):41	(24):64	(26):73	(22):55	(20):45	(25):69	(10):85	(21):50	(9):70	(8):58	(27):78	(4):42	(28):83	(2):15	(23):59	(7):52	(--):NA	(--):NA	(--):NA	(--):NA	(--):NA	(--):NA	(--):NA	
Agente 27 | (15):22	(14):17	(16):27	(12):8	(13):13	(1):0	(17):31	(18):36	(25):69	(11):100	(10):85	(19):41	(24):64	(9):70	(20):45	(21):50	(29):87	(30):92	(4):42	(27):78	(2):15	(7):52	(6):50	(--):NA	(--):NA	(--):NA	(--):NA	(--):NA	(--):NA	(--):NA	
Agente 28 | (15):22	(14):17	(16):27	(13):13	(17):31	(12):8	(18):36	(19):41	(8):58	(21):50	(22):55	(20):45	(23):59	(24):64	(7):52	(6):50	(25):69	(26):73	(4):42	(9):70	(5):48	(--):NA	(--):NA	(--):NA	(--):NA	(--):NA	(--):NA	(--):NA	(--):NA	(--):NA	
Agente 29 | (15):22	(14):17	(16):27	(13):13	(17):31	(12):8	(18):36	(19):41	(20):45	(22):55	(21):50	(8):58	(9):70	(7):52	(23):59	(6):50	(26):73	(24):64	(4):42	(28):83	(3):30	(25):69	(5):48	(--):NA	(--):NA	(--):NA	(--):NA	(--):NA	(--):NA	(--):NA	
Agente 30 | (15):22	(14):17	(16):27	(13):13	(17):31	(12):8	(18):36	(19):41	(21):50	(23):59	(22):55	(20):45	(24):64	(9):70	(8):58	(7):52	(25):69	(26):73	(5):48	(29):87	(3):30	(--):NA	(--):NA	(--):NA	(--):NA	(--):NA	(--):NA	(--):NA	(--):NA	(--):NA	
----------
==========
% [<UNKNOWN>]
%%%mzn-stat: nSolutions=1
%%%mzn-stat-end
