% Generated FlatZinc statistics:
%%%mzn-stat: paths=0
%%%mzn-stat: flatBoolVars=31500
%%%mzn-stat: flatIntVars=8070
%%%mzn-stat: flatBoolConstraints=5370
%%%mzn-stat: flatIntConstraints=38759
%%%mzn-stat: evaluatedReifiedConstraints=29700
%%%mzn-stat: evaluatedHalfReifiedConstraints=3600
%%%mzn-stat: eliminatedImplications=1800
%%%mzn-stat: method="minimize"
%%%mzn-stat: flatTime=0.921818
%%%mzn-stat-end
minizinc.exe : WARNING: the --time-out flag has recently been changed.The time-out is now provided in milliseconds instead of seconds
At C:\Users\lialq\OneDrive\Escritorio\Semestre-2026-I\PRACTICA-INV\modelo_simple\tools\run_benchmarks.ps1:134 char:23
+             $output = & $MiniZinc @minizincArgs 2>&1
+                       ~~~~~~~~~~~~~~~~~~~~~~~~~~~~~~
    + CategoryInfo          : NotSpecified: (WARNING: the --...tead of seconds:String) [], RemoteException
    + FullyQualifiedErrorId : NativeCommandError
 
%%%mzn-stat: nodes=1827271
%%%mzn-stat: failures=8243
%%%mzn-stat: restarts=14
%%%mzn-stat: variables=731715
%%%mzn-stat: intVars=9004
%%%mzn-stat: boolVariables=722709
%%%mzn-stat: propagators=11788
%%%mzn-stat: propagations=339650118
%%%mzn-stat: peakDepth=691
%%%mzn-stat: nogoods=8243
%%%mzn-stat: backjumps=1809416
%%%mzn-stat: peakMem=0.00
%%%mzn-stat: time=49.637
%%%mzn-stat: initTime=0.756
%%%mzn-stat: solveTime=48.881
%%%mzn-stat: objective=0
%%%mzn-stat: optTime=48.880
%%%mzn-stat: baseMem=0.00
%%%mzn-stat: trailMem=3.16
%%%mzn-stat: randomSeed=-1620235274
%%%mzn-stat-end
=== EPSILON-CONSENSO NO DIRIGIDO OPTIMIZADO ===
A=30 C=30 Iend=30 epsilon=15
Polarizacion final: 0
Asignaciones por agente: [23, 23, 23, 23, 23, 23, 22, 23, 23, 23, 23, 23, 23, 23, 23, 23, 23, 23, 23, 23, 23, 23, 22, 23, 23, 23, 23, 23, 23, 23]
Opiniones finales: [48, 48, 48, 48, 48, 48, 48, 48, 48, 48, 48, 48, 48, 48, 48, 48, 48, 48, 48, 48, 48, 48, 48, 48, 48, 48, 48, 48, 48, 48]
max_diff por turno: [72, 67, 66, 62, 53, 49, 44, 41, 37, 34, 30, 28, 26, 24, 22, 21, 20, 19, 17, 16, 14, 14, 13, 0, 0, 0, 0, 0, 0, 0, 0]

Asignaciones completas:
Agente 1 | (15):5	(14):0	(16):10	(13):100	(17):20	(12):95	(18):35	(11):90	(19):45	(10):80	(20):50	(9):65	(21):55	(8):55	(22):65	(7):50	(23):80	(6):45	(24):90	(5):35	(25):95	(4):20	(30):20	(--):NA	(--):NA	(--):NA	(--):NA	(--):NA	(--):NA	(--):NA	
Agente 2 | (15):5	(14):0	(16):10	(13):100	(17):20	(12):95	(18):35	(11):90	(19):45	(10):80	(20):50	(9):65	(21):55	(8):55	(22):65	(7):50	(23):80	(6):45	(24):90	(5):35	(25):95	(4):20	(1):0	(--):NA	(--):NA	(--):NA	(--):NA	(--):NA	(--):NA	(--):NA	
Agente 3 | (15):5	(14):0	(16):10	(13):100	(17):20	(12):95	(18):35	(11):90	(19):45	(10):80	(20):50	(9):65	(21):55	(8):55	(22):65	(7):50	(23):80	(6):45	(24):90	(5):35	(4):20	(25):95	(3):10	(--):NA	(--):NA	(--):NA	(--):NA	(--):NA	(--):NA	(--):NA	
Agente 4 | (15):5	(14):0	(16):10	(13):100	(17):20	(12):95	(18):35	(11):90	(19):45	(10):80	(20):50	(9):65	(21):55	(8):55	(22):65	(7):50	(23):80	(6):45	(24):90	(5):35	(25):95	(4):20	(30):20	(--):NA	(--):NA	(--):NA	(--):NA	(--):NA	(--):NA	(--):NA	
Agente 5 | (15):5	(14):0	(16):10	(13):100	(17):20	(12):95	(18):35	(11):90	(19):45	(10):80	(20):50	(9):65	(21):55	(8):55	(22):65	(7):50	(23):80	(6):45	(24):90	(5):35	(25):95	(4):20	(26):100	(--):NA	(--):NA	(--):NA	(--):NA	(--):NA	(--):NA	(--):NA	
Agente 6 | (15):5	(14):0	(16):10	(13):100	(17):20	(12):95	(18):35	(11):90	(19):45	(10):80	(20):50	(9):65	(21):55	(8):55	(22):65	(7):50	(23):80	(6):45	(24):90	(5):35	(4):20	(25):95	(2):5	(--):NA	(--):NA	(--):NA	(--):NA	(--):NA	(--):NA	(--):NA	
Agente 7 | (15):5	(14):0	(16):10	(13):100	(17):20	(12):95	(18):35	(11):90	(19):45	(10):80	(20):50	(9):65	(21):55	(8):55	(22):65	(7):50	(23):80	(6):45	(24):90	(5):35	(3):10	(27):0	(--):NA	(--):NA	(--):NA	(--):NA	(--):NA	(--):NA	(--):NA	(--):NA	
Agente 8 | (15):5	(14):0	(16):10	(13):100	(17):20	(12):95	(18):35	(11):90	(19):45	(10):80	(20):50	(9):65	(21):55	(8):55	(22):65	(7):50	(23):80	(6):45	(24):90	(5):35	(4):20	(25):95	(3):10	(--):NA	(--):NA	(--):NA	(--):NA	(--):NA	(--):NA	(--):NA	
Agente 9 | (15):5	(14):0	(16):10	(13):100	(17):20	(12):95	(18):35	(11):90	(19):45	(10):80	(20):50	(9):65	(21):55	(8):55	(22):65	(7):50	(23):80	(6):45	(24):90	(5):35	(25):95	(4):20	(3):10	(--):NA	(--):NA	(--):NA	(--):NA	(--):NA	(--):NA	(--):NA	
Agente 10 | (15):5	(14):0	(16):10	(13):100	(17):20	(12):95	(18):35	(11):90	(19):45	(10):80	(20):50	(9):65	(21):55	(8):55	(22):65	(7):50	(23):80	(6):45	(24):90	(5):35	(4):20	(3):10	(2):5	(--):NA	(--):NA	(--):NA	(--):NA	(--):NA	(--):NA	(--):NA	
Agente 11 | (15):5	(14):0	(16):10	(13):100	(17):20	(12):95	(18):35	(11):90	(19):45	(10):80	(20):50	(9):65	(21):55	(8):55	(22):65	(7):50	(23):80	(6):45	(24):90	(5):35	(25):95	(4):20	(30):20	(--):NA	(--):NA	(--):NA	(--):NA	(--):NA	(--):NA	(--):NA	
Agente 12 | (15):5	(14):0	(16):10	(13):100	(17):20	(12):95	(18):35	(11):90	(19):45	(10):80	(20):50	(9):65	(21):55	(8):55	(22):65	(7):50	(23):80	(6):45	(24):90	(5):35	(25):95	(4):20	(3):10	(--):NA	(--):NA	(--):NA	(--):NA	(--):NA	(--):NA	(--):NA	
Agente 13 | (15):5	(14):0	(16):10	(13):100	(17):20	(12):95	(18):35	(11):90	(19):45	(10):80	(20):50	(9):65	(21):55	(8):55	(22):65	(7):50	(23):80	(6):45	(24):90	(5):35	(4):20	(26):100	(3):10	(--):NA	(--):NA	(--):NA	(--):NA	(--):NA	(--):NA	(--):NA	
Agente 14 | (15):5	(14):0	(16):10	(13):100	(17):20	(12):95	(18):35	(11):90	(19):45	(10):80	(20):50	(9):65	(21):55	(8):55	(22):65	(7):50	(23):80	(6):45	(24):90	(5):35	(25):95	(4):20	(2):5	(--):NA	(--):NA	(--):NA	(--):NA	(--):NA	(--):NA	(--):NA	
Agente 15 | (15):5	(14):0	(16):10	(13):100	(17):20	(12):95	(18):35	(11):90	(19):45	(10):80	(20):50	(9):65	(21):55	(8):55	(22):65	(7):50	(23):80	(6):45	(25):95	(24):90	(5):35	(26):100	(4):20	(--):NA	(--):NA	(--):NA	(--):NA	(--):NA	(--):NA	(--):NA	
Agente 16 | (15):5	(14):0	(16):10	(13):100	(17):20	(12):95	(18):35	(11):90	(19):45	(10):80	(20):50	(9):65	(21):55	(8):55	(22):65	(7):50	(23):80	(6):45	(24):90	(5):35	(4):20	(25):95	(3):10	(--):NA	(--):NA	(--):NA	(--):NA	(--):NA	(--):NA	(--):NA	
Agente 17 | (15):5	(14):0	(16):10	(13):100	(17):20	(12):95	(18):35	(11):90	(19):45	(10):80	(20):50	(9):65	(21):55	(8):55	(22):65	(7):50	(23):80	(6):45	(24):90	(5):35	(25):95	(4):20	(27):0	(--):NA	(--):NA	(--):NA	(--):NA	(--):NA	(--):NA	(--):NA	
Agente 18 | (15):5	(14):0	(16):10	(13):100	(17):20	(12):95	(18):35	(11):90	(19):45	(10):80	(20):50	(9):65	(21):55	(8):55	(22):65	(7):50	(23):80	(6):45	(24):90	(5):35	(4):20	(26):100	(3):10	(--):NA	(--):NA	(--):NA	(--):NA	(--):NA	(--):NA	(--):NA	
Agente 19 | (15):5	(14):0	(16):10	(13):100	(17):20	(12):95	(18):35	(11):90	(19):45	(10):80	(20):50	(9):65	(21):55	(8):55	(22):65	(7):50	(23):80	(6):45	(24):90	(5):35	(25):95	(4):20	(30):20	(--):NA	(--):NA	(--):NA	(--):NA	(--):NA	(--):NA	(--):NA	
Agente 20 | (15):5	(14):0	(16):10	(13):100	(17):20	(12):95	(18):35	(11):90	(19):45	(10):80	(20):50	(9):65	(21):55	(8):55	(22):65	(7):50	(23):80	(6):45	(24):90	(5):35	(25):95	(27):0	(1):0	(--):NA	(--):NA	(--):NA	(--):NA	(--):NA	(--):NA	(--):NA	
Agente 21 | (15):5	(14):0	(16):10	(13):100	(17):20	(12):95	(18):35	(11):90	(19):45	(10):80	(20):50	(9):65	(21):55	(8):55	(22):65	(7):50	(23):80	(6):45	(24):90	(5):35	(4):20	(25):95	(3):10	(--):NA	(--):NA	(--):NA	(--):NA	(--):NA	(--):NA	(--):NA	
Agente 22 | (15):5	(14):0	(16):10	(13):100	(17):20	(12):95	(18):35	(11):90	(19):45	(10):80	(20):50	(9):65	(21):55	(8):55	(22):65	(7):50	(23):80	(6):45	(24):90	(5):35	(25):95	(4):20	(30):20	(--):NA	(--):NA	(--):NA	(--):NA	(--):NA	(--):NA	(--):NA	
Agente 23 | (15):5	(14):0	(16):10	(13):100	(17):20	(12):95	(18):35	(11):90	(19):45	(10):80	(20):50	(9):65	(21):55	(8):55	(22):65	(7):50	(23):80	(6):45	(24):90	(5):35	(25):95	(3):10	(--):NA	(--):NA	(--):NA	(--):NA	(--):NA	(--):NA	(--):NA	(--):NA	
Agente 24 | (15):5	(14):0	(16):10	(13):100	(17):20	(12):95	(18):35	(11):90	(19):45	(10):80	(20):50	(9):65	(21):55	(8):55	(22):65	(7):50	(23):80	(6):45	(24):90	(5):35	(4):20	(25):95	(2):5	(--):NA	(--):NA	(--):NA	(--):NA	(--):NA	(--):NA	(--):NA	
Agente 25 | (15):5	(14):0	(16):10	(13):100	(17):20	(12):95	(18):35	(11):90	(19):45	(10):80	(20):50	(9):65	(21):55	(8):55	(22):65	(7):50	(23):80	(6):45	(25):95	(24):90	(4):20	(26):100	(27):0	(--):NA	(--):NA	(--):NA	(--):NA	(--):NA	(--):NA	(--):NA	
Agente 26 | (15):5	(14):0	(16):10	(13):100	(17):20	(12):95	(18):35	(11):90	(19):45	(10):80	(20):50	(9):65	(21):55	(8):55	(22):65	(7):50	(23):80	(6):45	(24):90	(5):35	(4):20	(25):95	(3):10	(--):NA	(--):NA	(--):NA	(--):NA	(--):NA	(--):NA	(--):NA	
Agente 27 | (15):5	(14):0	(16):10	(13):100	(17):20	(12):95	(18):35	(11):90	(19):45	(10):80	(20):50	(9):65	(21):55	(8):55	(22):65	(7):50	(23):80	(6):45	(24):90	(5):35	(25):95	(4):20	(2):5	(--):NA	(--):NA	(--):NA	(--):NA	(--):NA	(--):NA	(--):NA	
Agente 28 | (15):5	(16):10	(14):0	(13):100	(17):20	(12):95	(18):35	(11):90	(19):45	(10):80	(20):50	(9):65	(21):55	(8):55	(22):65	(7):50	(23):80	(6):45	(24):90	(5):35	(27):0	(2):5	(1):0	(--):NA	(--):NA	(--):NA	(--):NA	(--):NA	(--):NA	(--):NA	
Agente 29 | (15):5	(14):0	(16):10	(13):100	(17):20	(12):95	(18):35	(11):90	(19):45	(10):80	(20):50	(9):65	(21):55	(8):55	(22):65	(7):50	(23):80	(6):45	(24):90	(5):35	(25):95	(4):20	(30):20	(--):NA	(--):NA	(--):NA	(--):NA	(--):NA	(--):NA	(--):NA	
Agente 30 | (15):5	(14):0	(16):10	(13):100	(17):20	(12):95	(18):35	(11):90	(19):45	(10):80	(20):50	(9):65	(21):55	(8):55	(22):65	(7):50	(23):80	(6):45	(24):90	(5):35	(25):95	(4):20	(3):10	(--):NA	(--):NA	(--):NA	(--):NA	(--):NA	(--):NA	(--):NA	
----------
==========
% [<UNKNOWN>]
%%%mzn-stat: nSolutions=1
%%%mzn-stat-end
