% Generated FlatZinc statistics:
%%%mzn-stat: paths=0
%%%mzn-stat: flatBoolVars=2436
%%%mzn-stat: flatIntVars=1140
%%%mzn-stat: flatBoolConstraints=876
%%%mzn-stat: flatIntConstraints=3443
%%%mzn-stat: evaluatedReifiedConstraints=2016
%%%mzn-stat: evaluatedHalfReifiedConstraints=708
%%%mzn-stat: eliminatedImplications=288
%%%mzn-stat: method="minimize"
%%%mzn-stat: flatTime=0.157742
%%%mzn-stat-end
minizinc.exe : WARNING: the --time-out flag has recently been changed.The time-out is now provided in milliseconds 
instead of seconds
At C:\Users\lialq\OneDrive\Escritorio\Semestre-2026-I\PRACTICA-INV\modelo_simple\tools\run_benchmarks.ps1:126 char:23
+             $output = & $MiniZinc @minizincArgs 2>&1
+                       ~~~~~~~~~~~~~~~~~~~~~~~~~~~~~~
    + CategoryInfo          : NotSpecified: (WARNING: the --...tead of seconds:String) [], RemoteException
    + FullyQualifiedErrorId : NativeCommandError
 
% Warning: Unknown or not support variable selection annotation 'dom_w_deg'! Ignore variable selection annotation and 
replace it by 'input_order'.
%%%mzn-stat: nodes=25109
%%%mzn-stat: failures=18402
%%%mzn-stat: restarts=19
%%%mzn-stat: variables=131085
%%%mzn-stat: intVars=1300
%%%mzn-stat: boolVariables=129783
%%%mzn-stat: propagators=1906
%%%mzn-stat: propagations=6487585
%%%mzn-stat: peakDepth=120
%%%mzn-stat: nogoods=18402
%%%mzn-stat: backjumps=4511
%%%mzn-stat: peakMem=0.00
%%%mzn-stat: time=1.802
%%%mzn-stat: initTime=0.107
%%%mzn-stat: solveTime=1.695
%%%mzn-stat: objective=0
%%%mzn-stat: optTime=1.691
%%%mzn-stat: baseMem=0.00
%%%mzn-stat: trailMem=0.28
%%%mzn-stat: randomSeed=-328428558
%%%mzn-stat-end

Agente 1 | (6): 50	(5): 48	(7): 52	(4): 42	(8): 58	(3): 30	(9): 70	(2): 15	(10): 85	(--): N/A	(--): N/A	(--): N/A	

Agente 2 | (6): 50	(5): 48	(7): 52	(4): 42	(8): 58	(3): 30	(2): 15	(11): 100	(--): N/A	(--): N/A	(--): N/A	(--): N/A	

Agente 3 | (6): 50	(5): 48	(7): 52	(4): 42	(8): 58	(3): 30	(10): 85	(2): 15	(11): 100	(--): N/A	(--): N/A	(--): N/A	

Agente 4 | (6): 50	(5): 48	(7): 52	(4): 42	(8): 58	(3): 30	(11): 100	(10): 85	(--): N/A	(--): N/A	(--): N/A	(--): N/A	

Agente 5 | (6): 50	(5): 48	(7): 52	(4): 42	(8): 58	(3): 30	(9): 70	(10): 85	(11): 100	(--): N/A	(--): N/A	(--): N/A	

Agente 6 | (6): 50	(5): 48	(7): 52	(4): 42	(8): 58	(3): 30	(9): 70	(12): 8	(10): 85	(--): N/A	(--): N/A	(--): N/A	

Agente 7 | (6): 50	(5): 48	(7): 52	(4): 42	(8): 58	(3): 30	(2): 15	(10): 85	(9): 70	(--): N/A	(--): N/A	(--): N/A	

Agente 8 | (6): 50	(5): 48	(7): 52	(4): 42	(8): 58	(3): 30	(9): 70	(2): 15	(11): 100	(--): N/A	(--): N/A	(--): N/A	

Agente 9 | (6): 50	(5): 48	(7): 52	(4): 42	(8): 58	(3): 30	(9): 70	(10): 85	(--): N/A	(--): N/A	(--): N/A	(--): N/A	

Agente 10 | (6): 50	(5): 48	(7): 52	(4): 42	(8): 58	(2): 15	(9): 70	(10): 85	(11): 100	(--): N/A	(--): N/A	(--): N/A	

Agente 11 | (6): 50	(5): 48	(8): 58	(2): 15	(12): 8	(1): 0	(10): 85	(7): 52	(9): 70	(--): N/A	(--): N/A	(--): N/A	

Agente 12 | (3): 30	(1): 0	(2): 15	(11): 100	(12): 8	(4): 42	(10): 85	(7): 52	(9): 70	(--): N/A	(--): N/A	(--): N/A	

Opiniones Finales: [65, 65, 65, 65, 65, 65, 65, 65, 65, 65, 65, 65]
Diferencia de opiniones m├íximas Final: 0
----------
==========
% [<UNKNOWN>]
%%%mzn-stat: nSolutions=1
%%%mzn-stat-end
